static long BSTdepth = 74; // pour info. Non demand√©
static int BSTroot = 2;
static int BSTtree[5][2] = {
{-1, 1}, 
{-1, -1}, 
{0, 4}, 
{-1, -1}, 
{3, -1} };
