static long BSTdepth = 452533877; // pour info. Non demand√©
static int BSTroot = 1511;
static int BSTtree[3000][2] = {
{-1, -1}, 
{0, -1}, 
{1, 5}, 
{-1, 4}, 
{-1, -1}, 
{3, 6}, 
{-1, -1}, 
{2, 11}, 
{-1, -1}, 
{8, 10}, 
{-1, -1}, 
{9, 12}, 
{-1, 13}, 
{-1, -1}, 
{7, 20}, 
{-1, -1}, 
{15, -1}, 
{16, 19}, 
{-1, -1}, 
{18, -1}, 
{17, 24}, 
{-1, 22}, 
{-1, 23}, 
{-1, -1}, 
{21, 25}, 
{-1, -1}, 
{14, 39}, 
{-1, -1}, 
{27, -1}, 
{28, 31}, 
{-1, -1}, 
{30, 32}, 
{-1, -1}, 
{29, 35}, 
{-1, -1}, 
{34, 38}, 
{-1, 37}, 
{-1, -1}, 
{36, -1}, 
{33, 44}, 
{-1, -1}, 
{40, 42}, 
{-1, 43}, 
{-1, -1}, 
{41, 46}, 
{-1, -1}, 
{45, 47}, 
{-1, 48}, 
{-1, -1}, 
{26, 79}, 
{-1, 51}, 
{-1, -1}, 
{50, 53}, 
{-1, 54}, 
{-1, -1}, 
{52, 63}, 
{-1, -1}, 
{56, 60}, 
{-1, 59}, 
{-1, -1}, 
{58, 61}, 
{-1, -1}, 
{57, -1}, 
{62, 67}, 
{-1, 65}, 
{-1, 66}, 
{-1, -1}, 
{64, 68}, 
{-1, -1}, 
{55, 76}, 
{-1, 71}, 
{-1, -1}, 
{70, -1}, 
{72, 74}, 
{-1, 75}, 
{-1, -1}, 
{73, 78}, 
{-1, -1}, 
{77, -1}, 
{69, 94}, 
{-1, -1}, 
{80, -1}, 
{81, 84}, 
{-1, -1}, 
{83, -1}, 
{82, 90}, 
{-1, -1}, 
{86, 88}, 
{-1, 89}, 
{-1, -1}, 
{87, 92}, 
{-1, -1}, 
{91, 93}, 
{-1, -1}, 
{85, 99}, 
{-1, 96}, 
{-1, -1}, 
{95, 98}, 
{-1, -1}, 
{97, 101}, 
{-1, -1}, 
{100, -1}, 
{49, 149}, 
{-1, -1}, 
{103, -1}, 
{104, 107}, 
{-1, -1}, 
{106, -1}, 
{105, 110}, 
{-1, -1}, 
{109, 112}, 
{-1, -1}, 
{111, 114}, 
{-1, -1}, 
{113, -1}, 
{108, 122}, 
{-1, -1}, 
{116, -1}, 
{117, 119}, 
{-1, 121}, 
{-1, -1}, 
{120, -1}, 
{118, 125}, 
{-1, -1}, 
{123, -1}, 
{124, 126}, 
{-1, 127}, 
{-1, -1}, 
{115, 136}, 
{-1, 131}, 
{-1, -1}, 
{130, -1}, 
{129, 134}, 
{-1, -1}, 
{133, 135}, 
{-1, -1}, 
{132, 141}, 
{-1, 138}, 
{-1, -1}, 
{137, 140}, 
{-1, -1}, 
{139, 145}, 
{-1, -1}, 
{142, 144}, 
{-1, -1}, 
{143, 147}, 
{-1, -1}, 
{146, 148}, 
{-1, -1}, 
{128, 179}, 
{-1, -1}, 
{150, 154}, 
{-1, 153}, 
{-1, -1}, 
{152, 156}, 
{-1, -1}, 
{155, -1}, 
{151, 160}, 
{-1, 159}, 
{-1, -1}, 
{158, 161}, 
{-1, 162}, 
{-1, -1}, 
{157, 171}, 
{-1, 165}, 
{-1, -1}, 
{164, 167}, 
{-1, -1}, 
{166, 169}, 
{-1, 170}, 
{-1, -1}, 
{168, 174}, 
{-1, 173}, 
{-1, -1}, 
{172, 178}, 
{-1, -1}, 
{175, 177}, 
{-1, -1}, 
{176, -1}, 
{163, 194}, 
{-1, -1}, 
{180, -1}, 
{181, 186}, 
{-1, 185}, 
{-1, -1}, 
{184, -1}, 
{183, 187}, 
{-1, -1}, 
{182, 191}, 
{-1, -1}, 
{189, -1}, 
{190, 193}, 
{-1, -1}, 
{192, -1}, 
{188, 201}, 
{-1, 196}, 
{-1, 197}, 
{-1, -1}, 
{195, -1}, 
{198, 200}, 
{-1, -1}, 
{199, 204}, 
{-1, 203}, 
{-1, -1}, 
{202, 205}, 
{-1, 206}, 
{-1, -1}, 
{102, 291}, 
{-1, -1}, 
{208, -1}, 
{209, 211}, 
{-1, -1}, 
{210, 214}, 
{-1, -1}, 
{213, 215}, 
{-1, -1}, 
{212, 222}, 
{-1, -1}, 
{217, -1}, 
{218, 220}, 
{-1, 221}, 
{-1, -1}, 
{219, 225}, 
{-1, 224}, 
{-1, -1}, 
{223, 228}, 
{-1, -1}, 
{226, -1}, 
{227, -1}, 
{216, 242}, 
{-1, -1}, 
{230, -1}, 
{231, 233}, 
{-1, -1}, 
{232, 239}, 
{-1, -1}, 
{235, 238}, 
{-1, -1}, 
{237, -1}, 
{236, 241}, 
{-1, -1}, 
{240, -1}, 
{234, 249}, 
{-1, 244}, 
{-1, -1}, 
{243, 247}, 
{-1, -1}, 
{246, 248}, 
{-1, -1}, 
{245, 251}, 
{-1, -1}, 
{250, -1}, 
{229, 276}, 
{-1, -1}, 
{253, 255}, 
{-1, 256}, 
{-1, -1}, 
{254, 258}, 
{-1, -1}, 
{257, 261}, 
{-1, -1}, 
{260, 263}, 
{-1, -1}, 
{262, -1}, 
{259, 270}, 
{-1, -1}, 
{265, 267}, 
{-1, -1}, 
{266, 269}, 
{-1, -1}, 
{268, 274}, 
{-1, 272}, 
{-1, 273}, 
{-1, -1}, 
{271, 275}, 
{-1, -1}, 
{264, 283}, 
{-1, 278}, 
{-1, -1}, 
{277, 282}, 
{-1, 281}, 
{-1, -1}, 
{280, -1}, 
{279, 287}, 
{-1, -1}, 
{284, 286}, 
{-1, -1}, 
{285, 289}, 
{-1, -1}, 
{288, 290}, 
{-1, -1}, 
{252, 330}, 
{-1, 293}, 
{-1, -1}, 
{292, 296}, 
{-1, -1}, 
{295, 297}, 
{-1, -1}, 
{294, 301}, 
{-1, -1}, 
{299, -1}, 
{300, 302}, 
{-1, 303}, 
{-1, -1}, 
{298, 308}, 
{-1, -1}, 
{305, 307}, 
{-1, -1}, 
{306, 310}, 
{-1, -1}, 
{309, 311}, 
{-1, 312}, 
{-1, -1}, 
{304, 323}, 
{-1, -1}, 
{314, 318}, 
{-1, 317}, 
{-1, -1}, 
{316, -1}, 
{315, 322}, 
{-1, -1}, 
{320, -1}, 
{321, -1}, 
{319, 326}, 
{-1, 325}, 
{-1, -1}, 
{324, 328}, 
{-1, -1}, 
{327, 329}, 
{-1, -1}, 
{313, 358}, 
{-1, -1}, 
{331, 333}, 
{-1, -1}, 
{332, 337}, 
{-1, 336}, 
{-1, -1}, 
{335, 340}, 
{-1, 339}, 
{-1, -1}, 
{338, 341}, 
{-1, 342}, 
{-1, -1}, 
{334, 349}, 
{-1, -1}, 
{344, 346}, 
{-1, -1}, 
{345, 348}, 
{-1, -1}, 
{347, 353}, 
{-1, 352}, 
{-1, -1}, 
{351, -1}, 
{350, 354}, 
{-1, 356}, 
{-1, -1}, 
{355, 357}, 
{-1, -1}, 
{343, 367}, 
{-1, -1}, 
{359, -1}, 
{360, -1}, 
{361, 365}, 
{-1, -1}, 
{363, -1}, 
{364, 366}, 
{-1, -1}, 
{362, 372}, 
{-1, -1}, 
{368, 371}, 
{-1, -1}, 
{370, -1}, 
{369, 374}, 
{-1, -1}, 
{373, 376}, 
{-1, -1}, 
{375, 377}, 
{-1, -1}, 
{207, 557}, 
{-1, 380}, 
{-1, -1}, 
{379, -1}, 
{381, 383}, 
{-1, 384}, 
{-1, 385}, 
{-1, -1}, 
{382, 388}, 
{-1, -1}, 
{387, 389}, 
{-1, -1}, 
{386, 394}, 
{-1, -1}, 
{391, 393}, 
{-1, -1}, 
{392, 397}, 
{-1, -1}, 
{395, -1}, 
{396, 398}, 
{-1, 399}, 
{-1, -1}, 
{390, 410}, 
{-1, 402}, 
{-1, -1}, 
{401, 406}, 
{-1, -1}, 
{404, -1}, 
{405, 408}, 
{-1, -1}, 
{407, 409}, 
{-1, -1}, 
{403, 414}, 
{-1, -1}, 
{411, 413}, 
{-1, -1}, 
{412, 416}, 
{-1, -1}, 
{415, 417}, 
{-1, -1}, 
{400, 446}, 
{-1, -1}, 
{419, 421}, 
{-1, -1}, 
{420, 423}, 
{-1, -1}, 
{422, 427}, 
{-1, 426}, 
{-1, -1}, 
{425, 431}, 
{-1, 430}, 
{-1, -1}, 
{429, -1}, 
{428, -1}, 
{424, 440}, 
{-1, 434}, 
{-1, -1}, 
{433, 437}, 
{-1, -1}, 
{436, 439}, 
{-1, -1}, 
{438, -1}, 
{435, 443}, 
{-1, 442}, 
{-1, -1}, 
{441, 445}, 
{-1, -1}, 
{444, -1}, 
{432, 458}, 
{-1, -1}, 
{447, 449}, 
{-1, -1}, 
{448, 451}, 
{-1, 452}, 
{-1, -1}, 
{450, 456}, 
{-1, -1}, 
{454, -1}, 
{455, 457}, 
{-1, -1}, 
{453, 465}, 
{-1, -1}, 
{459, 462}, 
{-1, -1}, 
{461, 463}, 
{-1, 464}, 
{-1, -1}, 
{460, 467}, 
{-1, -1}, 
{466, 469}, 
{-1, -1}, 
{468, -1}, 
{418, 517}, 
{-1, -1}, 
{471, 473}, 
{-1, -1}, 
{472, 475}, 
{-1, 476}, 
{-1, -1}, 
{474, 481}, 
{-1, 479}, 
{-1, 480}, 
{-1, -1}, 
{478, 482}, 
{-1, -1}, 
{477, 489}, 
{-1, -1}, 
{484, 487}, 
{-1, -1}, 
{486, 488}, 
{-1, -1}, 
{485, 491}, 
{-1, -1}, 
{490, 492}, 
{-1, -1}, 
{483, 504}, 
{-1, -1}, 
{494, 497}, 
{-1, -1}, 
{496, -1}, 
{495, 500}, 
{-1, -1}, 
{499, 502}, 
{-1, -1}, 
{501, 503}, 
{-1, -1}, 
{498, 509}, 
{-1, -1}, 
{505, 508}, 
{-1, -1}, 
{507, -1}, 
{506, 512}, 
{-1, -1}, 
{510, -1}, 
{511, 514}, 
{-1, -1}, 
{513, 515}, 
{-1, 516}, 
{-1, -1}, 
{493, 536}, 
{-1, 519}, 
{-1, -1}, 
{518, 521}, 
{-1, 523}, 
{-1, -1}, 
{522, -1}, 
{520, 527}, 
{-1, -1}, 
{525, -1}, 
{526, 528}, 
{-1, -1}, 
{524, 533}, 
{-1, -1}, 
{530, -1}, 
{531, -1}, 
{532, 534}, 
{-1, 535}, 
{-1, -1}, 
{529, 546}, 
{-1, -1}, 
{537, 539}, 
{-1, -1}, 
{538, 544}, 
{-1, -1}, 
{541, 543}, 
{-1, -1}, 
{542, 545}, 
{-1, -1}, 
{540, 552}, 
{-1, -1}, 
{547, 550}, 
{-1, -1}, 
{549, 551}, 
{-1, -1}, 
{548, 554}, 
{-1, -1}, 
{553, 556}, 
{-1, -1}, 
{555, -1}, 
{470, 656}, 
{-1, 559}, 
{-1, -1}, 
{558, 563}, 
{-1, 562}, 
{-1, -1}, 
{561, 567}, 
{-1, 565}, 
{-1, 566}, 
{-1, -1}, 
{564, -1}, 
{560, 574}, 
{-1, 571}, 
{-1, -1}, 
{570, -1}, 
{569, 573}, 
{-1, -1}, 
{572, 577}, 
{-1, -1}, 
{575, -1}, 
{576, 579}, 
{-1, -1}, 
{578, -1}, 
{568, 591}, 
{-1, 583}, 
{-1, -1}, 
{582, 584}, 
{-1, -1}, 
{581, 588}, 
{-1, 587}, 
{-1, -1}, 
{586, 590}, 
{-1, -1}, 
{589, -1}, 
{585, 602}, 
{-1, 593}, 
{-1, -1}, 
{592, 596}, 
{-1, -1}, 
{595, -1}, 
{594, 598}, 
{-1, 600}, 
{-1, -1}, 
{599, 601}, 
{-1, -1}, 
{597, 604}, 
{-1, -1}, 
{603, 605}, 
{-1, -1}, 
{580, 633}, 
{-1, -1}, 
{607, 610}, 
{-1, -1}, 
{609, -1}, 
{608, 615}, 
{-1, -1}, 
{612, 614}, 
{-1, -1}, 
{613, 616}, 
{-1, 617}, 
{-1, -1}, 
{611, 624}, 
{-1, -1}, 
{619, -1}, 
{620, 622}, 
{-1, 623}, 
{-1, -1}, 
{621, 628}, 
{-1, -1}, 
{625, 627}, 
{-1, -1}, 
{626, 632}, 
{-1, 630}, 
{-1, -1}, 
{629, -1}, 
{631, -1}, 
{618, 644}, 
{-1, -1}, 
{634, 636}, 
{-1, -1}, 
{635, 640}, 
{-1, -1}, 
{638, -1}, 
{639, 643}, 
{-1, -1}, 
{641, -1}, 
{642, -1}, 
{637, 648}, 
{-1, -1}, 
{645, 647}, 
{-1, -1}, 
{646, 651}, 
{-1, 650}, 
{-1, -1}, 
{649, 653}, 
{-1, -1}, 
{652, 655}, 
{-1, -1}, 
{654, -1}, 
{606, 706}, 
{-1, 658}, 
{-1, -1}, 
{657, 660}, 
{-1, 661}, 
{-1, 662}, 
{-1, -1}, 
{659, 667}, 
{-1, -1}, 
{664, 666}, 
{-1, -1}, 
{665, 669}, 
{-1, -1}, 
{668, -1}, 
{663, 675}, 
{-1, -1}, 
{671, 674}, 
{-1, -1}, 
{673, -1}, 
{672, 678}, 
{-1, 677}, 
{-1, -1}, 
{676, 679}, 
{-1, 680}, 
{-1, -1}, 
{670, 693}, 
{-1, -1}, 
{682, -1}, 
{683, 685}, 
{-1, -1}, 
{684, 689}, 
{-1, 688}, 
{-1, -1}, 
{687, 690}, 
{-1, 692}, 
{-1, -1}, 
{691, -1}, 
{686, 699}, 
{-1, -1}, 
{694, 697}, 
{-1, -1}, 
{696, 698}, 
{-1, -1}, 
{695, 704}, 
{-1, -1}, 
{700, 702}, 
{-1, 703}, 
{-1, -1}, 
{701, 705}, 
{-1, -1}, 
{681, 732}, 
{-1, 708}, 
{-1, -1}, 
{707, 712}, 
{-1, 711}, 
{-1, -1}, 
{710, -1}, 
{709, 715}, 
{-1, -1}, 
{714, 716}, 
{-1, -1}, 
{713, 725}, 
{-1, -1}, 
{718, 723}, 
{-1, -1}, 
{720, 722}, 
{-1, -1}, 
{721, 724}, 
{-1, -1}, 
{719, 729}, 
{-1, -1}, 
{726, 728}, 
{-1, -1}, 
{727, 731}, 
{-1, -1}, 
{730, -1}, 
{717, 741}, 
{-1, -1}, 
{733, -1}, 
{734, -1}, 
{735, 738}, 
{-1, -1}, 
{737, 739}, 
{-1, 740}, 
{-1, -1}, 
{736, 746}, 
{-1, 743}, 
{-1, -1}, 
{742, 745}, 
{-1, -1}, 
{744, 748}, 
{-1, -1}, 
{747, 750}, 
{-1, -1}, 
{749, -1}, 
{378, 1119}, 
{-1, -1}, 
{752, 754}, 
{-1, 755}, 
{-1, -1}, 
{753, 761}, 
{-1, -1}, 
{757, 760}, 
{-1, -1}, 
{759, -1}, 
{758, 762}, 
{-1, 763}, 
{-1, -1}, 
{756, 770}, 
{-1, -1}, 
{765, 767}, 
{-1, -1}, 
{766, 769}, 
{-1, -1}, 
{768, 772}, 
{-1, -1}, 
{771, 773}, 
{-1, -1}, 
{764, 789}, 
{-1, 776}, 
{-1, -1}, 
{775, 779}, 
{-1, -1}, 
{778, 781}, 
{-1, -1}, 
{780, 782}, 
{-1, -1}, 
{777, 785}, 
{-1, -1}, 
{784, 787}, 
{-1, -1}, 
{786, 788}, 
{-1, -1}, 
{783, 793}, 
{-1, -1}, 
{790, 792}, 
{-1, -1}, 
{791, 795}, 
{-1, -1}, 
{794, -1}, 
{774, 817}, 
{-1, 798}, 
{-1, -1}, 
{797, 800}, 
{-1, -1}, 
{799, 804}, 
{-1, 803}, 
{-1, -1}, 
{802, 807}, 
{-1, 806}, 
{-1, -1}, 
{805, 808}, 
{-1, -1}, 
{801, 813}, 
{-1, -1}, 
{810, 812}, 
{-1, -1}, 
{811, 815}, 
{-1, -1}, 
{814, 816}, 
{-1, -1}, 
{809, 831}, 
{-1, 819}, 
{-1, -1}, 
{818, 821}, 
{-1, 822}, 
{-1, -1}, 
{820, 827}, 
{-1, -1}, 
{824, 826}, 
{-1, -1}, 
{825, 829}, 
{-1, -1}, 
{828, 830}, 
{-1, -1}, 
{823, 836}, 
{-1, -1}, 
{832, 835}, 
{-1, -1}, 
{834, -1}, 
{833, 838}, 
{-1, -1}, 
{837, 839}, 
{-1, -1}, 
{796, 883}, 
{-1, 842}, 
{-1, -1}, 
{841, 844}, 
{-1, -1}, 
{843, 848}, 
{-1, 847}, 
{-1, -1}, 
{846, -1}, 
{845, 854}, 
{-1, -1}, 
{850, 852}, 
{-1, 853}, 
{-1, -1}, 
{851, 859}, 
{-1, 858}, 
{-1, -1}, 
{856, -1}, 
{857, -1}, 
{855, 860}, 
{-1, -1}, 
{849, 872}, 
{-1, 863}, 
{-1, -1}, 
{862, 865}, 
{-1, -1}, 
{864, 869}, 
{-1, 868}, 
{-1, -1}, 
{867, 871}, 
{-1, -1}, 
{870, -1}, 
{866, 880}, 
{-1, 874}, 
{-1, -1}, 
{873, 876}, 
{-1, -1}, 
{875, 878}, 
{-1, 879}, 
{-1, -1}, 
{877, 882}, 
{-1, -1}, 
{881, -1}, 
{861, 901}, 
{-1, -1}, 
{884, 886}, 
{-1, -1}, 
{885, 889}, 
{-1, -1}, 
{888, 890}, 
{-1, -1}, 
{887, 898}, 
{-1, -1}, 
{892, 894}, 
{-1, -1}, 
{893, 897}, 
{-1, -1}, 
{896, -1}, 
{895, 900}, 
{-1, -1}, 
{899, -1}, 
{891, 910}, 
{-1, -1}, 
{902, 904}, 
{-1, 905}, 
{-1, 906}, 
{-1, -1}, 
{903, 909}, 
{-1, -1}, 
{908, -1}, 
{907, 916}, 
{-1, -1}, 
{911, -1}, 
{912, 914}, 
{-1, 915}, 
{-1, -1}, 
{913, 922}, 
{-1, 919}, 
{-1, -1}, 
{918, 920}, 
{-1, 921}, 
{-1, -1}, 
{917, 923}, 
{-1, 924}, 
{-1, -1}, 
{840, 1026}, 
{-1, -1}, 
{926, 930}, 
{-1, 929}, 
{-1, -1}, 
{928, -1}, 
{927, 934}, 
{-1, 933}, 
{-1, -1}, 
{932, 935}, 
{-1, 936}, 
{-1, -1}, 
{931, 943}, 
{-1, 939}, 
{-1, -1}, 
{938, 942}, 
{-1, -1}, 
{941, -1}, 
{940, 950}, 
{-1, -1}, 
{944, -1}, 
{945, 949}, 
{-1, 948}, 
{-1, -1}, 
{947, -1}, 
{946, 952}, 
{-1, -1}, 
{951, 954}, 
{-1, -1}, 
{953, -1}, 
{937, 969}, 
{-1, 957}, 
{-1, -1}, 
{956, 960}, 
{-1, -1}, 
{959, 962}, 
{-1, -1}, 
{961, -1}, 
{958, 966}, 
{-1, -1}, 
{964, -1}, 
{965, 967}, 
{-1, 968}, 
{-1, -1}, 
{963, 971}, 
{-1, -1}, 
{970, 974}, 
{-1, -1}, 
{972, -1}, 
{973, 975}, 
{-1, -1}, 
{955, 1003}, 
{-1, -1}, 
{977, 979}, 
{-1, -1}, 
{978, 981}, 
{-1, -1}, 
{980, 985}, 
{-1, -1}, 
{983, -1}, 
{984, 987}, 
{-1, -1}, 
{986, 989}, 
{-1, -1}, 
{988, 990}, 
{-1, -1}, 
{982, 997}, 
{-1, 993}, 
{-1, -1}, 
{992, 995}, 
{-1, 996}, 
{-1, -1}, 
{994, 1000}, 
{-1, -1}, 
{998, -1}, 
{999, 1002}, 
{-1, -1}, 
{1001, -1}, 
{991, 1012}, 
{-1, -1}, 
{1004, 1006}, 
{-1, 1007}, 
{-1, -1}, 
{1005, 1011}, 
{-1, -1}, 
{1009, -1}, 
{1010, -1}, 
{1008, 1017}, 
{-1, -1}, 
{1013, -1}, 
{1014, -1}, 
{1015, -1}, 
{1016, 1023}, 
{-1, -1}, 
{1018, 1020}, 
{-1, -1}, 
{1019, 1022}, 
{-1, -1}, 
{1021, 1024}, 
{-1, 1025}, 
{-1, -1}, 
{976, 1078}, 
{-1, -1}, 
{1027, 1029}, 
{-1, 1031}, 
{-1, -1}, 
{1030, -1}, 
{1028, 1035}, 
{-1, 1034}, 
{-1, -1}, 
{1033, 1037}, 
{-1, -1}, 
{1036, 1039}, 
{-1, -1}, 
{1038, -1}, 
{1032, 1047}, 
{-1, 1042}, 
{-1, -1}, 
{1041, 1044}, 
{-1, 1045}, 
{-1, 1046}, 
{-1, -1}, 
{1043, 1051}, 
{-1, 1049}, 
{-1, 1050}, 
{-1, -1}, 
{1048, 1052}, 
{-1, 1053}, 
{-1, -1}, 
{1040, 1065}, 
{-1, -1}, 
{1055, 1057}, 
{-1, -1}, 
{1056, 1060}, 
{-1, -1}, 
{1059, -1}, 
{1058, 1064}, 
{-1, 1063}, 
{-1, -1}, 
{1062, -1}, 
{1061, 1070}, 
{-1, 1067}, 
{-1, -1}, 
{1066, 1069}, 
{-1, -1}, 
{1068, 1076}, 
{-1, 1074}, 
{-1, 1073}, 
{-1, -1}, 
{1072, 1075}, 
{-1, -1}, 
{1071, 1077}, 
{-1, -1}, 
{1054, 1099}, 
{-1, 1080}, 
{-1, -1}, 
{1079, 1082}, 
{-1, -1}, 
{1081, 1085}, 
{-1, -1}, 
{1084, 1086}, 
{-1, 1087}, 
{-1, -1}, 
{1083, 1094}, 
{-1, -1}, 
{1089, 1092}, 
{-1, -1}, 
{1091, 1093}, 
{-1, -1}, 
{1090, 1098}, 
{-1, -1}, 
{1095, 1097}, 
{-1, -1}, 
{1096, -1}, 
{1088, 1112}, 
{-1, -1}, 
{1100, -1}, 
{1101, 1103}, 
{-1, -1}, 
{1102, 1108}, 
{-1, 1106}, 
{-1, -1}, 
{1105, -1}, 
{1107, 1110}, 
{-1, -1}, 
{1109, 1111}, 
{-1, -1}, 
{1104, 1115}, 
{-1, -1}, 
{1113, -1}, 
{1114, 1118}, 
{-1, -1}, 
{1116, -1}, 
{1117, -1}, 
{925, 1308}, 
{-1, -1}, 
{1120, 1122}, 
{-1, -1}, 
{1121, 1124}, 
{-1, -1}, 
{1123, 1129}, 
{-1, 1128}, 
{-1, -1}, 
{1127, -1}, 
{1126, -1}, 
{1125, 1137}, 
{-1, -1}, 
{1131, 1135}, 
{-1, -1}, 
{1133, -1}, 
{1134, 1136}, 
{-1, -1}, 
{1132, 1140}, 
{-1, 1139}, 
{-1, -1}, 
{1138, 1141}, 
{-1, 1142}, 
{-1, -1}, 
{1130, 1153}, 
{-1, 1145}, 
{-1, -1}, 
{1144, 1147}, 
{-1, -1}, 
{1146, 1150}, 
{-1, -1}, 
{1149, 1152}, 
{-1, -1}, 
{1151, -1}, 
{1148, 1158}, 
{-1, -1}, 
{1154, -1}, 
{1155, 1157}, 
{-1, -1}, 
{1156, 1162}, 
{-1, -1}, 
{1159, 1161}, 
{-1, -1}, 
{1160, 1165}, 
{-1, 1164}, 
{-1, -1}, 
{1163, -1}, 
{1143, 1189}, 
{-1, 1168}, 
{-1, 1169}, 
{-1, -1}, 
{1167, 1173}, 
{-1, -1}, 
{1171, -1}, 
{1172, 1174}, 
{-1, -1}, 
{1170, 1178}, 
{-1, 1177}, 
{-1, -1}, 
{1176, 1179}, 
{-1, -1}, 
{1175, 1186}, 
{-1, -1}, 
{1181, -1}, 
{1182, 1185}, 
{-1, -1}, 
{1184, -1}, 
{1183, 1188}, 
{-1, -1}, 
{1187, -1}, 
{1180, 1202}, 
{-1, -1}, 
{1190, 1193}, 
{-1, -1}, 
{1192, -1}, 
{1191, 1198}, 
{-1, 1196}, 
{-1, -1}, 
{1195, -1}, 
{1197, 1199}, 
{-1, 1201}, 
{-1, -1}, 
{1200, -1}, 
{1194, 1207}, 
{-1, -1}, 
{1203, 1206}, 
{-1, -1}, 
{1205, -1}, 
{1204, 1213}, 
{-1, 1209}, 
{-1, -1}, 
{1208, 1212}, 
{-1, -1}, 
{1211, -1}, 
{1210, 1214}, 
{-1, -1}, 
{1166, 1257}, 
{-1, 1217}, 
{-1, -1}, 
{1216, 1219}, 
{-1, 1220}, 
{-1, 1221}, 
{-1, -1}, 
{1218, 1225}, 
{-1, -1}, 
{1223, -1}, 
{1224, 1228}, 
{-1, -1}, 
{1226, -1}, 
{1227, 1229}, 
{-1, -1}, 
{1222, 1235}, 
{-1, 1232}, 
{-1, -1}, 
{1231, 1234}, 
{-1, -1}, 
{1233, 1237}, 
{-1, -1}, 
{1236, 1238}, 
{-1, -1}, 
{1230, 1248}, 
{-1, 1242}, 
{-1, -1}, 
{1241, 1243}, 
{-1, -1}, 
{1240, 1245}, 
{-1, 1247}, 
{-1, -1}, 
{1246, -1}, 
{1244, 1253}, 
{-1, -1}, 
{1249, 1252}, 
{-1, -1}, 
{1251, -1}, 
{1250, 1254}, 
{-1, 1255}, 
{-1, 1256}, 
{-1, -1}, 
{1239, 1282}, 
{-1, -1}, 
{1258, 1262}, 
{-1, -1}, 
{1260, -1}, 
{1261, -1}, 
{1259, 1267}, 
{-1, -1}, 
{1264, 1266}, 
{-1, -1}, 
{1265, 1270}, 
{-1, 1269}, 
{-1, -1}, 
{1268, -1}, 
{1263, 1278}, 
{-1, -1}, 
{1272, 1276}, 
{-1, 1275}, 
{-1, -1}, 
{1274, 1277}, 
{-1, -1}, 
{1273, 1280}, 
{-1, -1}, 
{1279, 1281}, 
{-1, -1}, 
{1271, 1294}, 
{-1, -1}, 
{1283, 1289}, 
{-1, 1288}, 
{-1, 1287}, 
{-1, -1}, 
{1286, -1}, 
{1285, -1}, 
{1284, 1292}, 
{-1, -1}, 
{1291, 1293}, 
{-1, -1}, 
{1290, 1303}, 
{-1, 1297}, 
{-1, -1}, 
{1296, 1298}, 
{-1, -1}, 
{1295, 1302}, 
{-1, 1301}, 
{-1, -1}, 
{1300, -1}, 
{1299, 1306}, 
{-1, -1}, 
{1304, -1}, 
{1305, 1307}, 
{-1, -1}, 
{1215, 1403}, 
{-1, -1}, 
{1309, -1}, 
{1310, 1312}, 
{-1, -1}, 
{1311, 1315}, 
{-1, -1}, 
{1314, 1316}, 
{-1, -1}, 
{1313, 1323}, 
{-1, -1}, 
{1318, -1}, 
{1319, 1322}, 
{-1, -1}, 
{1321, -1}, 
{1320, 1326}, 
{-1, -1}, 
{1324, -1}, 
{1325, 1327}, 
{-1, -1}, 
{1317, 1339}, 
{-1, -1}, 
{1329, 1331}, 
{-1, -1}, 
{1330, 1333}, 
{-1, -1}, 
{1332, 1337}, 
{-1, 1336}, 
{-1, -1}, 
{1335, 1338}, 
{-1, -1}, 
{1334, 1343}, 
{-1, 1341}, 
{-1, -1}, 
{1340, -1}, 
{1342, 1346}, 
{-1, -1}, 
{1344, -1}, 
{1345, 1348}, 
{-1, -1}, 
{1347, -1}, 
{1328, 1374}, 
{-1, -1}, 
{1350, 1353}, 
{-1, -1}, 
{1352, -1}, 
{1351, 1355}, 
{-1, -1}, 
{1354, 1361}, 
{-1, -1}, 
{1357, 1360}, 
{-1, -1}, 
{1359, -1}, 
{1358, 1362}, 
{-1, -1}, 
{1356, 1371}, 
{-1, 1365}, 
{-1, -1}, 
{1364, 1368}, 
{-1, -1}, 
{1367, 1369}, 
{-1, 1370}, 
{-1, -1}, 
{1366, 1373}, 
{-1, -1}, 
{1372, -1}, 
{1363, 1389}, 
{-1, -1}, 
{1375, 1377}, 
{-1, -1}, 
{1376, 1379}, 
{-1, 1380}, 
{-1, 1381}, 
{-1, -1}, 
{1378, 1387}, 
{-1, -1}, 
{1383, 1385}, 
{-1, 1386}, 
{-1, -1}, 
{1384, 1388}, 
{-1, -1}, 
{1382, 1398}, 
{-1, 1391}, 
{-1, -1}, 
{1390, 1395}, 
{-1, -1}, 
{1393, -1}, 
{1394, 1396}, 
{-1, 1397}, 
{-1, -1}, 
{1392, 1401}, 
{-1, 1400}, 
{-1, -1}, 
{1399, 1402}, 
{-1, -1}, 
{1349, 1451}, 
{-1, -1}, 
{1404, 1407}, 
{-1, -1}, 
{1406, -1}, 
{1405, 1410}, 
{-1, -1}, 
{1409, 1411}, 
{-1, -1}, 
{1408, 1418}, 
{-1, -1}, 
{1413, 1415}, 
{-1, -1}, 
{1414, 1417}, 
{-1, -1}, 
{1416, 1421}, 
{-1, 1420}, 
{-1, -1}, 
{1419, 1423}, 
{-1, -1}, 
{1422, -1}, 
{1412, 1438}, 
{-1, -1}, 
{1425, 1427}, 
{-1, -1}, 
{1426, 1429}, 
{-1, 1430}, 
{-1, -1}, 
{1428, 1434}, 
{-1, -1}, 
{1432, -1}, 
{1433, 1436}, 
{-1, -1}, 
{1435, 1437}, 
{-1, -1}, 
{1431, 1443}, 
{-1, -1}, 
{1439, 1441}, 
{-1, 1442}, 
{-1, -1}, 
{1440, 1445}, 
{-1, -1}, 
{1444, 1448}, 
{-1, -1}, 
{1446, -1}, 
{1447, 1450}, 
{-1, -1}, 
{1449, -1}, 
{1424, 1481}, 
{-1, 1453}, 
{-1, 1454}, 
{-1, -1}, 
{1452, 1456}, 
{-1, -1}, 
{1455, 1462}, 
{-1, -1}, 
{1458, 1460}, 
{-1, -1}, 
{1459, -1}, 
{1461, 1463}, 
{-1, -1}, 
{1457, 1476}, 
{-1, -1}, 
{1465, 1468}, 
{-1, -1}, 
{1467, -1}, 
{1466, 1472}, 
{-1, 1471}, 
{-1, -1}, 
{1470, 1475}, 
{-1, -1}, 
{1473, -1}, 
{1474, -1}, 
{1469, 1478}, 
{-1, -1}, 
{1477, 1479}, 
{-1, 1480}, 
{-1, -1}, 
{1464, 1497}, 
{-1, 1484}, 
{-1, -1}, 
{1483, -1}, 
{1482, 1486}, 
{-1, 1488}, 
{-1, -1}, 
{1487, -1}, 
{1485, 1492}, 
{-1, -1}, 
{1490, -1}, 
{1491, 1495}, 
{-1, 1494}, 
{-1, -1}, 
{1493, 1496}, 
{-1, -1}, 
{1489, 1503}, 
{-1, -1}, 
{1498, 1500}, 
{-1, 1502}, 
{-1, -1}, 
{1501, -1}, 
{1499, 1506}, 
{-1, -1}, 
{1504, -1}, 
{1505, 1508}, 
{-1, -1}, 
{1507, 1509}, 
{-1, 1510}, 
{-1, -1}, 
{751, 2243}, 
{-1, -1}, 
{1512, 1514}, 
{-1, -1}, 
{1513, 1519}, 
{-1, 1518}, 
{-1, -1}, 
{1517, -1}, 
{1516, 1523}, 
{-1, -1}, 
{1520, 1522}, 
{-1, -1}, 
{1521, -1}, 
{1515, 1529}, 
{-1, 1526}, 
{-1, -1}, 
{1525, 1528}, 
{-1, -1}, 
{1527, 1533}, 
{-1, 1532}, 
{-1, -1}, 
{1531, -1}, 
{1530, -1}, 
{1524, 1541}, 
{-1, -1}, 
{1535, 1537}, 
{-1, -1}, 
{1536, 1539}, 
{-1, 1540}, 
{-1, -1}, 
{1538, 1547}, 
{-1, -1}, 
{1542, -1}, 
{1543, 1545}, 
{-1, 1546}, 
{-1, -1}, 
{1544, 1550}, 
{-1, 1549}, 
{-1, -1}, 
{1548, 1551}, 
{-1, -1}, 
{1534, 1576}, 
{-1, -1}, 
{1553, 1555}, 
{-1, 1556}, 
{-1, -1}, 
{1554, 1559}, 
{-1, -1}, 
{1558, 1560}, 
{-1, 1562}, 
{-1, -1}, 
{1561, -1}, 
{1557, 1569}, 
{-1, 1565}, 
{-1, -1}, 
{1564, 1568}, 
{-1, -1}, 
{1567, -1}, 
{1566, 1574}, 
{-1, 1571}, 
{-1, -1}, 
{1570, 1573}, 
{-1, -1}, 
{1572, 1575}, 
{-1, -1}, 
{1563, 1585}, 
{-1, -1}, 
{1577, 1579}, 
{-1, 1580}, 
{-1, -1}, 
{1578, 1584}, 
{-1, 1583}, 
{-1, -1}, 
{1582, -1}, 
{1581, 1592}, 
{-1, -1}, 
{1586, 1588}, 
{-1, -1}, 
{1587, 1590}, 
{-1, 1591}, 
{-1, -1}, 
{1589, 1595}, 
{-1, 1594}, 
{-1, -1}, 
{1593, 1596}, 
{-1, -1}, 
{1552, 1637}, 
{-1, -1}, 
{1598, -1}, 
{1599, 1601}, 
{-1, -1}, 
{1600, 1604}, 
{-1, -1}, 
{1603, 1607}, 
{-1, -1}, 
{1605, -1}, 
{1606, -1}, 
{1602, 1612}, 
{-1, 1611}, 
{-1, -1}, 
{1610, -1}, 
{1609, 1614}, 
{-1, -1}, 
{1613, 1615}, 
{-1, -1}, 
{1608, 1626}, 
{-1, -1}, 
{1617, 1620}, 
{-1, -1}, 
{1619, -1}, 
{1618, 1623}, 
{-1, -1}, 
{1622, 1625}, 
{-1, -1}, 
{1624, -1}, 
{1621, 1633}, 
{-1, -1}, 
{1627, -1}, 
{1628, 1631}, 
{-1, -1}, 
{1630, 1632}, 
{-1, -1}, 
{1629, 1634}, 
{-1, 1635}, 
{-1, 1636}, 
{-1, -1}, 
{1616, 1662}, 
{-1, -1}, 
{1638, -1}, 
{1639, 1641}, 
{-1, -1}, 
{1640, 1647}, 
{-1, -1}, 
{1643, 1645}, 
{-1, 1646}, 
{-1, -1}, 
{1644, 1649}, 
{-1, -1}, 
{1648, 1650}, 
{-1, -1}, 
{1642, 1657}, 
{-1, 1653}, 
{-1, -1}, 
{1652, 1656}, 
{-1, -1}, 
{1655, -1}, 
{1654, 1660}, 
{-1, -1}, 
{1658, -1}, 
{1659, 1661}, 
{-1, -1}, 
{1651, 1673}, 
{-1, -1}, 
{1663, 1665}, 
{-1, -1}, 
{1664, 1671}, 
{-1, -1}, 
{1667, 1669}, 
{-1, -1}, 
{1668, -1}, 
{1670, 1672}, 
{-1, -1}, 
{1666, 1681}, 
{-1, -1}, 
{1674, 1677}, 
{-1, -1}, 
{1676, -1}, 
{1675, 1679}, 
{-1, 1680}, 
{-1, -1}, 
{1678, 1685}, 
{-1, 1683}, 
{-1, 1684}, 
{-1, -1}, 
{1682, 1686}, 
{-1, 1688}, 
{-1, -1}, 
{1687, -1}, 
{1597, 1775}, 
{-1, 1692}, 
{-1, -1}, 
{1691, -1}, 
{1690, 1694}, 
{-1, 1695}, 
{-1, -1}, 
{1693, 1701}, 
{-1, 1698}, 
{-1, -1}, 
{1697, 1700}, 
{-1, -1}, 
{1699, 1703}, 
{-1, -1}, 
{1702, -1}, 
{1696, 1714}, 
{-1, -1}, 
{1705, 1707}, 
{-1, -1}, 
{1706, 1709}, 
{-1, -1}, 
{1708, 1712}, 
{-1, -1}, 
{1711, 1713}, 
{-1, -1}, 
{1710, 1718}, 
{-1, 1716}, 
{-1, 1717}, 
{-1, -1}, 
{1715, 1721}, 
{-1, 1720}, 
{-1, -1}, 
{1719, 1722}, 
{-1, -1}, 
{1704, 1747}, 
{-1, -1}, 
{1724, 1726}, 
{-1, -1}, 
{1725, 1730}, 
{-1, -1}, 
{1728, -1}, 
{1729, 1733}, 
{-1, -1}, 
{1731, -1}, 
{1732, 1735}, 
{-1, -1}, 
{1734, -1}, 
{1727, 1739}, 
{-1, -1}, 
{1737, -1}, 
{1738, 1743}, 
{-1, -1}, 
{1740, 1742}, 
{-1, -1}, 
{1741, 1746}, 
{-1, 1745}, 
{-1, -1}, 
{1744, -1}, 
{1736, 1764}, 
{-1, -1}, 
{1748, -1}, 
{1749, 1753}, 
{-1, -1}, 
{1751, -1}, 
{1752, 1755}, 
{-1, -1}, 
{1754, 1756}, 
{-1, -1}, 
{1750, 1761}, 
{-1, 1759}, 
{-1, 1760}, 
{-1, -1}, 
{1758, 1763}, 
{-1, -1}, 
{1762, -1}, 
{1757, 1770}, 
{-1, -1}, 
{1765, -1}, 
{1766, 1769}, 
{-1, -1}, 
{1768, -1}, 
{1767, 1773}, 
{-1, -1}, 
{1771, -1}, 
{1772, 1774}, 
{-1, -1}, 
{1723, 1819}, 
{-1, 1777}, 
{-1, -1}, 
{1776, 1779}, 
{-1, -1}, 
{1778, 1782}, 
{-1, -1}, 
{1781, 1783}, 
{-1, -1}, 
{1780, 1789}, 
{-1, -1}, 
{1785, 1788}, 
{-1, -1}, 
{1787, -1}, 
{1786, 1791}, 
{-1, -1}, 
{1790, 1796}, 
{-1, -1}, 
{1792, 1794}, 
{-1, 1795}, 
{-1, -1}, 
{1793, 1798}, 
{-1, -1}, 
{1797, -1}, 
{1784, 1808}, 
{-1, 1801}, 
{-1, -1}, 
{1800, 1804}, 
{-1, -1}, 
{1803, -1}, 
{1802, 1807}, 
{-1, -1}, 
{1806, -1}, 
{1805, 1812}, 
{-1, -1}, 
{1809, 1811}, 
{-1, -1}, 
{1810, 1814}, 
{-1, -1}, 
{1813, 1816}, 
{-1, -1}, 
{1815, 1818}, 
{-1, -1}, 
{1817, -1}, 
{1799, 1843}, 
{-1, 1821}, 
{-1, -1}, 
{1820, 1824}, 
{-1, -1}, 
{1823, -1}, 
{1822, 1828}, 
{-1, -1}, 
{1826, -1}, 
{1827, 1829}, 
{-1, 1830}, 
{-1, -1}, 
{1825, 1836}, 
{-1, -1}, 
{1832, 1835}, 
{-1, -1}, 
{1834, -1}, 
{1833, 1840}, 
{-1, 1838}, 
{-1, -1}, 
{1837, -1}, 
{1839, 1842}, 
{-1, -1}, 
{1841, -1}, 
{1831, 1854}, 
{-1, -1}, 
{1844, 1847}, 
{-1, -1}, 
{1846, 1848}, 
{-1, -1}, 
{1845, 1851}, 
{-1, -1}, 
{1850, 1852}, 
{-1, 1853}, 
{-1, -1}, 
{1849, 1860}, 
{-1, 1857}, 
{-1, -1}, 
{1856, 1859}, 
{-1, -1}, 
{1858, -1}, 
{1855, 1863}, 
{-1, 1862}, 
{-1, -1}, 
{1861, 1865}, 
{-1, -1}, 
{1864, 1866}, 
{-1, -1}, 
{1689, 2058}, 
{-1, 1869}, 
{-1, -1}, 
{1868, 1872}, 
{-1, -1}, 
{1871, 1873}, 
{-1, -1}, 
{1870, 1882}, 
{-1, -1}, 
{1875, 1877}, 
{-1, -1}, 
{1876, -1}, 
{1878, 1880}, 
{-1, 1881}, 
{-1, -1}, 
{1879, 1885}, 
{-1, 1884}, 
{-1, -1}, 
{1883, 1887}, 
{-1, -1}, 
{1886, 1888}, 
{-1, -1}, 
{1874, 1900}, 
{-1, 1892}, 
{-1, -1}, 
{1891, -1}, 
{1890, 1896}, 
{-1, -1}, 
{1894, -1}, 
{1895, 1898}, 
{-1, -1}, 
{1897, 1899}, 
{-1, -1}, 
{1893, 1903}, 
{-1, 1902}, 
{-1, -1}, 
{1901, 1904}, 
{-1, 1905}, 
{-1, -1}, 
{1889, 1929}, 
{-1, -1}, 
{1907, -1}, 
{1908, 1912}, 
{-1, -1}, 
{1910, -1}, 
{1911, -1}, 
{1909, 1915}, 
{-1, -1}, 
{1914, 1916}, 
{-1, -1}, 
{1913, 1924}, 
{-1, 1919}, 
{-1, 1920}, 
{-1, -1}, 
{1918, 1923}, 
{-1, -1}, 
{1922, -1}, 
{1921, 1928}, 
{-1, 1927}, 
{-1, -1}, 
{1926, -1}, 
{1925, -1}, 
{1917, 1944}, 
{-1, 1931}, 
{-1, -1}, 
{1930, 1933}, 
{-1, 1934}, 
{-1, -1}, 
{1932, 1936}, 
{-1, 1937}, 
{-1, -1}, 
{1935, 1940}, 
{-1, -1}, 
{1939, 1943}, 
{-1, 1942}, 
{-1, -1}, 
{1941, -1}, 
{1938, 1950}, 
{-1, -1}, 
{1945, -1}, 
{1946, 1948}, 
{-1, 1949}, 
{-1, -1}, 
{1947, 1953}, 
{-1, 1952}, 
{-1, -1}, 
{1951, 1957}, 
{-1, -1}, 
{1954, 1956}, 
{-1, -1}, 
{1955, 1958}, 
{-1, -1}, 
{1906, 2008}, 
{-1, 1962}, 
{-1, -1}, 
{1961, -1}, 
{1960, 1965}, 
{-1, -1}, 
{1964, -1}, 
{1963, 1969}, 
{-1, -1}, 
{1967, -1}, 
{1968, 1970}, 
{-1, -1}, 
{1966, 1977}, 
{-1, -1}, 
{1972, 1975}, 
{-1, -1}, 
{1974, 1976}, 
{-1, -1}, 
{1973, 1979}, 
{-1, -1}, 
{1978, 1982}, 
{-1, -1}, 
{1980, -1}, 
{1981, -1}, 
{1971, 1996}, 
{-1, -1}, 
{1984, 1989}, 
{-1, 1987}, 
{-1, -1}, 
{1986, -1}, 
{1988, 1990}, 
{-1, -1}, 
{1985, 1993}, 
{-1, -1}, 
{1992, 1995}, 
{-1, -1}, 
{1994, -1}, 
{1991, 2002}, 
{-1, -1}, 
{1997, -1}, 
{1998, 2000}, 
{-1, 2001}, 
{-1, -1}, 
{1999, 2006}, 
{-1, 2004}, 
{-1, 2005}, 
{-1, -1}, 
{2003, 2007}, 
{-1, -1}, 
{1983, 2035}, 
{-1, -1}, 
{2009, 2011}, 
{-1, -1}, 
{2010, 2017}, 
{-1, 2014}, 
{-1, -1}, 
{2013, 2016}, 
{-1, -1}, 
{2015, 2019}, 
{-1, -1}, 
{2018, 2020}, 
{-1, -1}, 
{2012, 2029}, 
{-1, -1}, 
{2022, 2024}, 
{-1, -1}, 
{2023, 2027}, 
{-1, -1}, 
{2026, 2028}, 
{-1, -1}, 
{2025, 2031}, 
{-1, -1}, 
{2030, 2032}, 
{-1, 2034}, 
{-1, -1}, 
{2033, -1}, 
{2021, 2044}, 
{-1, -1}, 
{2036, -1}, 
{2037, 2039}, 
{-1, -1}, 
{2038, 2042}, 
{-1, -1}, 
{2041, 2043}, 
{-1, -1}, 
{2040, 2054}, 
{-1, -1}, 
{2045, 2047}, 
{-1, -1}, 
{2046, 2050}, 
{-1, -1}, 
{2049, 2053}, 
{-1, 2052}, 
{-1, -1}, 
{2051, -1}, 
{2048, 2057}, 
{-1, 2056}, 
{-1, -1}, 
{2055, -1}, 
{1959, 2150}, 
{-1, 2060}, 
{-1, -1}, 
{2059, 2062}, 
{-1, -1}, 
{2061, 2064}, 
{-1, -1}, 
{2063, 2072}, 
{-1, -1}, 
{2066, 2069}, 
{-1, -1}, 
{2068, 2071}, 
{-1, -1}, 
{2070, -1}, 
{2067, 2074}, 
{-1, -1}, 
{2073, 2077}, 
{-1, -1}, 
{2075, -1}, 
{2076, 2079}, 
{-1, -1}, 
{2078, -1}, 
{2065, 2089}, 
{-1, -1}, 
{2081, 2084}, 
{-1, -1}, 
{2083, -1}, 
{2082, 2087}, 
{-1, -1}, 
{2086, 2088}, 
{-1, -1}, 
{2085, 2094}, 
{-1, -1}, 
{2090, 2093}, 
{-1, -1}, 
{2092, -1}, 
{2091, 2096}, 
{-1, -1}, 
{2095, 2097}, 
{-1, -1}, 
{2080, 2126}, 
{-1, -1}, 
{2099, 2102}, 
{-1, -1}, 
{2101, 2103}, 
{-1, -1}, 
{2100, 2108}, 
{-1, 2107}, 
{-1, -1}, 
{2106, -1}, 
{2105, 2109}, 
{-1, -1}, 
{2104, 2115}, 
{-1, -1}, 
{2111, -1}, 
{2112, 2114}, 
{-1, -1}, 
{2113, 2123}, 
{-1, 2117}, 
{-1, -1}, 
{2116, 2121}, 
{-1, 2120}, 
{-1, -1}, 
{2119, 2122}, 
{-1, -1}, 
{2118, 2125}, 
{-1, -1}, 
{2124, -1}, 
{2110, 2139}, 
{-1, -1}, 
{2127, 2129}, 
{-1, -1}, 
{2128, 2131}, 
{-1, 2132}, 
{-1, 2133}, 
{-1, -1}, 
{2130, 2137}, 
{-1, -1}, 
{2135, -1}, 
{2136, 2138}, 
{-1, -1}, 
{2134, 2143}, 
{-1, -1}, 
{2140, 2142}, 
{-1, -1}, 
{2141, 2147}, 
{-1, 2145}, 
{-1, -1}, 
{2144, -1}, 
{2146, 2148}, 
{-1, 2149}, 
{-1, -1}, 
{2098, 2195}, 
{-1, -1}, 
{2151, 2154}, 
{-1, -1}, 
{2153, -1}, 
{2152, 2157}, 
{-1, -1}, 
{2156, 2159}, 
{-1, -1}, 
{2158, -1}, 
{2155, 2165}, 
{-1, 2163}, 
{-1, -1}, 
{2162, -1}, 
{2161, -1}, 
{2164, 2168}, 
{-1, -1}, 
{2166, -1}, 
{2167, 2171}, 
{-1, 2170}, 
{-1, -1}, 
{2169, -1}, 
{2160, 2185}, 
{-1, -1}, 
{2173, 2175}, 
{-1, -1}, 
{2174, 2177}, 
{-1, -1}, 
{2176, 2181}, 
{-1, -1}, 
{2179, -1}, 
{2180, 2183}, 
{-1, -1}, 
{2182, 2184}, 
{-1, -1}, 
{2178, 2190}, 
{-1, 2187}, 
{-1, -1}, 
{2186, 2189}, 
{-1, -1}, 
{2188, 2193}, 
{-1, 2192}, 
{-1, -1}, 
{2191, 2194}, 
{-1, -1}, 
{2172, 2216}, 
{-1, 2197}, 
{-1, 2198}, 
{-1, -1}, 
{2196, 2201}, 
{-1, -1}, 
{2200, 2203}, 
{-1, -1}, 
{2202, -1}, 
{2199, 2210}, 
{-1, 2206}, 
{-1, -1}, 
{2205, 2209}, 
{-1, -1}, 
{2208, -1}, 
{2207, 2214}, 
{-1, -1}, 
{2211, 2213}, 
{-1, -1}, 
{2212, 2215}, 
{-1, -1}, 
{2204, 2229}, 
{-1, -1}, 
{2217, -1}, 
{2218, 2220}, 
{-1, -1}, 
{2219, 2226}, 
{-1, -1}, 
{2222, 2225}, 
{-1, -1}, 
{2224, -1}, 
{2223, 2228}, 
{-1, -1}, 
{2227, -1}, 
{2221, 2235}, 
{-1, -1}, 
{2230, -1}, 
{2231, 2233}, 
{-1, 2234}, 
{-1, -1}, 
{2232, 2239}, 
{-1, -1}, 
{2236, 2238}, 
{-1, -1}, 
{2237, 2241}, 
{-1, -1}, 
{2240, 2242}, 
{-1, -1}, 
{1867, 2639}, 
{-1, 2245}, 
{-1, -1}, 
{2244, 2247}, 
{-1, -1}, 
{2246, 2251}, 
{-1, 2250}, 
{-1, -1}, 
{2249, -1}, 
{2248, 2259}, 
{-1, 2255}, 
{-1, -1}, 
{2254, 2256}, 
{-1, -1}, 
{2253, 2258}, 
{-1, -1}, 
{2257, 2262}, 
{-1, -1}, 
{2260, -1}, 
{2261, 2264}, 
{-1, -1}, 
{2263, -1}, 
{2252, 2276}, 
{-1, -1}, 
{2266, -1}, 
{2267, 2269}, 
{-1, -1}, 
{2268, 2274}, 
{-1, 2273}, 
{-1, -1}, 
{2272, -1}, 
{2271, 2275}, 
{-1, -1}, 
{2270, 2285}, 
{-1, 2278}, 
{-1, -1}, 
{2277, 2280}, 
{-1, -1}, 
{2279, 2282}, 
{-1, 2284}, 
{-1, -1}, 
{2283, -1}, 
{2281, 2289}, 
{-1, -1}, 
{2286, 2288}, 
{-1, -1}, 
{2287, 2290}, 
{-1, 2291}, 
{-1, -1}, 
{2265, 2314}, 
{-1, -1}, 
{2293, 2296}, 
{-1, -1}, 
{2295, -1}, 
{2294, 2299}, 
{-1, -1}, 
{2298, 2300}, 
{-1, 2301}, 
{-1, -1}, 
{2297, 2308}, 
{-1, -1}, 
{2303, -1}, 
{2304, 2307}, 
{-1, -1}, 
{2306, -1}, 
{2305, 2311}, 
{-1, 2310}, 
{-1, -1}, 
{2309, 2313}, 
{-1, -1}, 
{2312, -1}, 
{2302, 2326}, 
{-1, -1}, 
{2315, 2317}, 
{-1, -1}, 
{2316, 2322}, 
{-1, -1}, 
{2319, 2321}, 
{-1, -1}, 
{2320, 2325}, 
{-1, 2324}, 
{-1, -1}, 
{2323, -1}, 
{2318, 2331}, 
{-1, 2328}, 
{-1, -1}, 
{2327, 2330}, 
{-1, -1}, 
{2329, 2334}, 
{-1, -1}, 
{2332, -1}, 
{2333, 2335}, 
{-1, -1}, 
{2292, 2378}, 
{-1, 2338}, 
{-1, -1}, 
{2337, 2340}, 
{-1, 2341}, 
{-1, -1}, 
{2339, 2345}, 
{-1, 2344}, 
{-1, -1}, 
{2343, 2348}, 
{-1, 2347}, 
{-1, -1}, 
{2346, 2350}, 
{-1, -1}, 
{2349, -1}, 
{2342, 2357}, 
{-1, 2353}, 
{-1, 2354}, 
{-1, -1}, 
{2352, 2356}, 
{-1, -1}, 
{2355, 2360}, 
{-1, 2359}, 
{-1, -1}, 
{2358, 2361}, 
{-1, -1}, 
{2351, 2369}, 
{-1, 2364}, 
{-1, -1}, 
{2363, 2366}, 
{-1, 2368}, 
{-1, -1}, 
{2367, -1}, 
{2365, 2375}, 
{-1, -1}, 
{2370, 2372}, 
{-1, -1}, 
{2371, 2374}, 
{-1, -1}, 
{2373, 2377}, 
{-1, -1}, 
{2376, -1}, 
{2362, 2410}, 
{-1, 2380}, 
{-1, -1}, 
{2379, 2382}, 
{-1, -1}, 
{2381, 2386}, 
{-1, -1}, 
{2384, -1}, 
{2385, -1}, 
{2383, 2394}, 
{-1, -1}, 
{2388, 2390}, 
{-1, -1}, 
{2389, 2392}, 
{-1, 2393}, 
{-1, -1}, 
{2391, 2395}, 
{-1, -1}, 
{2387, 2404}, 
{-1, 2399}, 
{-1, -1}, 
{2398, -1}, 
{2397, 2403}, 
{-1, 2402}, 
{-1, -1}, 
{2401, -1}, 
{2400, 2407}, 
{-1, 2406}, 
{-1, -1}, 
{2405, 2409}, 
{-1, -1}, 
{2408, -1}, 
{2396, 2424}, 
{-1, 2412}, 
{-1, 2413}, 
{-1, -1}, 
{2411, 2416}, 
{-1, -1}, 
{2415, 2417}, 
{-1, -1}, 
{2414, 2421}, 
{-1, -1}, 
{2419, -1}, 
{2420, 2423}, 
{-1, -1}, 
{2422, -1}, 
{2418, 2429}, 
{-1, -1}, 
{2425, -1}, 
{2426, 2428}, 
{-1, -1}, 
{2427, 2432}, 
{-1, 2431}, 
{-1, -1}, 
{2430, 2435}, 
{-1, 2434}, 
{-1, -1}, 
{2433, -1}, 
{2336, 2538}, 
{-1, -1}, 
{2437, 2439}, 
{-1, 2440}, 
{-1, -1}, 
{2438, 2444}, 
{-1, 2443}, 
{-1, -1}, 
{2442, 2445}, 
{-1, -1}, 
{2441, 2451}, 
{-1, -1}, 
{2447, -1}, 
{2448, 2450}, 
{-1, -1}, 
{2449, 2454}, 
{-1, 2453}, 
{-1, -1}, 
{2452, 2455}, 
{-1, -1}, 
{2446, 2468}, 
{-1, 2458}, 
{-1, -1}, 
{2457, 2461}, 
{-1, -1}, 
{2460, -1}, 
{2459, 2465}, 
{-1, 2464}, 
{-1, -1}, 
{2463, 2466}, 
{-1, 2467}, 
{-1, -1}, 
{2462, 2474}, 
{-1, 2470}, 
{-1, -1}, 
{2469, 2473}, 
{-1, -1}, 
{2472, -1}, 
{2471, 2477}, 
{-1, -1}, 
{2475, -1}, 
{2476, 2478}, 
{-1, -1}, 
{2456, 2511}, 
{-1, -1}, 
{2480, 2484}, 
{-1, -1}, 
{2482, -1}, 
{2483, -1}, 
{2481, 2489}, 
{-1, -1}, 
{2486, 2488}, 
{-1, -1}, 
{2487, 2492}, 
{-1, 2491}, 
{-1, -1}, 
{2490, 2493}, 
{-1, -1}, 
{2485, 2501}, 
{-1, -1}, 
{2495, -1}, 
{2496, -1}, 
{2497, 2500}, 
{-1, -1}, 
{2499, -1}, 
{2498, 2506}, 
{-1, -1}, 
{2502, 2504}, 
{-1, 2505}, 
{-1, -1}, 
{2503, 2509}, 
{-1, -1}, 
{2507, -1}, 
{2508, 2510}, 
{-1, -1}, 
{2494, 2526}, 
{-1, 2513}, 
{-1, 2514}, 
{-1, -1}, 
{2512, 2517}, 
{-1, -1}, 
{2516, 2519}, 
{-1, -1}, 
{2518, 2520}, 
{-1, -1}, 
{2515, 2523}, 
{-1, -1}, 
{2522, 2524}, 
{-1, 2525}, 
{-1, -1}, 
{2521, 2534}, 
{-1, 2528}, 
{-1, -1}, 
{2527, 2530}, 
{-1, 2531}, 
{-1, -1}, 
{2529, 2533}, 
{-1, -1}, 
{2532, 2535}, 
{-1, 2537}, 
{-1, -1}, 
{2536, -1}, 
{2479, 2585}, 
{-1, -1}, 
{2539, 2543}, 
{-1, -1}, 
{2541, -1}, 
{2542, -1}, 
{2540, 2545}, 
{-1, -1}, 
{2544, 2549}, 
{-1, 2548}, 
{-1, -1}, 
{2547, 2552}, 
{-1, 2551}, 
{-1, -1}, 
{2550, -1}, 
{2546, 2559}, 
{-1, -1}, 
{2554, -1}, 
{2555, 2558}, 
{-1, -1}, 
{2557, -1}, 
{2556, 2561}, 
{-1, -1}, 
{2560, -1}, 
{2553, 2569}, 
{-1, -1}, 
{2563, -1}, 
{2564, 2567}, 
{-1, -1}, 
{2566, 2568}, 
{-1, -1}, 
{2565, 2578}, 
{-1, -1}, 
{2570, 2572}, 
{-1, -1}, 
{2571, 2574}, 
{-1, -1}, 
{2573, 2577}, 
{-1, -1}, 
{2576, -1}, 
{2575, 2582}, 
{-1, -1}, 
{2579, 2581}, 
{-1, -1}, 
{2580, 2583}, 
{-1, 2584}, 
{-1, -1}, 
{2562, 2615}, 
{-1, 2588}, 
{-1, -1}, 
{2587, 2589}, 
{-1, -1}, 
{2586, 2594}, 
{-1, -1}, 
{2591, 2593}, 
{-1, -1}, 
{2592, -1}, 
{2590, 2598}, 
{-1, -1}, 
{2596, -1}, 
{2597, 2599}, 
{-1, -1}, 
{2595, 2607}, 
{-1, -1}, 
{2601, 2603}, 
{-1, -1}, 
{2602, 2605}, 
{-1, 2606}, 
{-1, -1}, 
{2604, 2608}, 
{-1, 2612}, 
{-1, -1}, 
{2609, 2611}, 
{-1, -1}, 
{2610, 2614}, 
{-1, -1}, 
{2613, -1}, 
{2600, 2627}, 
{-1, -1}, 
{2616, -1}, 
{2617, 2621}, 
{-1, 2620}, 
{-1, -1}, 
{2619, -1}, 
{2618, 2624}, 
{-1, -1}, 
{2623, 2626}, 
{-1, -1}, 
{2625, -1}, 
{2622, 2632}, 
{-1, -1}, 
{2628, -1}, 
{2629, 2631}, 
{-1, -1}, 
{2630, 2635}, 
{-1, 2634}, 
{-1, -1}, 
{2633, 2637}, 
{-1, -1}, 
{2636, 2638}, 
{-1, -1}, 
{2436, 2828}, 
{-1, -1}, 
{2640, 2643}, 
{-1, -1}, 
{2642, -1}, 
{2641, 2646}, 
{-1, -1}, 
{2645, -1}, 
{2644, 2655}, 
{-1, 2649}, 
{-1, -1}, 
{2648, 2651}, 
{-1, -1}, 
{2650, 2654}, 
{-1, -1}, 
{2653, -1}, 
{2652, 2657}, 
{-1, -1}, 
{2656, 2658}, 
{-1, -1}, 
{2647, 2669}, 
{-1, -1}, 
{2660, -1}, 
{2661, -1}, 
{2662, 2667}, 
{-1, -1}, 
{2664, 2666}, 
{-1, -1}, 
{2665, 2668}, 
{-1, -1}, 
{2663, 2674}, 
{-1, -1}, 
{2670, -1}, 
{2671, 2673}, 
{-1, -1}, 
{2672, 2677}, 
{-1, 2676}, 
{-1, -1}, 
{2675, 2678}, 
{-1, 2679}, 
{-1, -1}, 
{2659, 2707}, 
{-1, -1}, 
{2681, -1}, 
{2682, -1}, 
{2683, 2686}, 
{-1, -1}, 
{2685, 2687}, 
{-1, -1}, 
{2684, 2692}, 
{-1, -1}, 
{2689, 2691}, 
{-1, -1}, 
{2690, 2694}, 
{-1, -1}, 
{2693, 2695}, 
{-1, -1}, 
{2688, 2703}, 
{-1, -1}, 
{2697, -1}, 
{2698, 2701}, 
{-1, -1}, 
{2700, 2702}, 
{-1, -1}, 
{2699, 2705}, 
{-1, -1}, 
{2704, 2706}, 
{-1, -1}, 
{2696, 2717}, 
{-1, -1}, 
{2708, 2711}, 
{-1, -1}, 
{2710, -1}, 
{2709, 2715}, 
{-1, 2714}, 
{-1, -1}, 
{2713, 2716}, 
{-1, -1}, 
{2712, 2725}, 
{-1, -1}, 
{2718, 2720}, 
{-1, -1}, 
{2719, 2722}, 
{-1, 2724}, 
{-1, -1}, 
{2723, -1}, 
{2721, 2731}, 
{-1, -1}, 
{2726, 2728}, 
{-1, -1}, 
{2727, 2730}, 
{-1, -1}, 
{2729, 2733}, 
{-1, -1}, 
{2732, 2734}, 
{-1, -1}, 
{2680, 2776}, 
{-1, -1}, 
{2736, 2738}, 
{-1, -1}, 
{2737, -1}, 
{2739, 2743}, 
{-1, -1}, 
{2741, -1}, 
{2742, 2745}, 
{-1, -1}, 
{2744, 2746}, 
{-1, -1}, 
{2740, 2751}, 
{-1, -1}, 
{2748, 2750}, 
{-1, -1}, 
{2749, 2753}, 
{-1, -1}, 
{2752, 2754}, 
{-1, -1}, 
{2747, 2765}, 
{-1, -1}, 
{2756, 2759}, 
{-1, -1}, 
{2758, -1}, 
{2757, 2763}, 
{-1, 2762}, 
{-1, -1}, 
{2761, 2764}, 
{-1, -1}, 
{2760, 2770}, 
{-1, -1}, 
{2766, 2769}, 
{-1, -1}, 
{2768, -1}, 
{2767, 2774}, 
{-1, -1}, 
{2771, 2773}, 
{-1, -1}, 
{2772, 2775}, 
{-1, -1}, 
{2755, 2799}, 
{-1, 2778}, 
{-1, -1}, 
{2777, 2780}, 
{-1, -1}, 
{2779, 2783}, 
{-1, -1}, 
{2782, 2784}, 
{-1, 2785}, 
{-1, -1}, 
{2781, 2794}, 
{-1, -1}, 
{2787, 2789}, 
{-1, -1}, 
{2788, 2792}, 
{-1, -1}, 
{2791, 2793}, 
{-1, -1}, 
{2790, 2796}, 
{-1, -1}, 
{2795, 2797}, 
{-1, 2798}, 
{-1, -1}, 
{2786, 2816}, 
{-1, 2802}, 
{-1, -1}, 
{2801, -1}, 
{2800, 2805}, 
{-1, -1}, 
{2804, 2807}, 
{-1, -1}, 
{2806, -1}, 
{2803, 2813}, 
{-1, 2810}, 
{-1, -1}, 
{2809, 2812}, 
{-1, -1}, 
{2811, 2814}, 
{-1, 2815}, 
{-1, -1}, 
{2808, 2823}, 
{-1, -1}, 
{2817, -1}, 
{2818, 2821}, 
{-1, -1}, 
{2820, 2822}, 
{-1, -1}, 
{2819, 2824}, 
{-1, 2827}, 
{-1, 2826}, 
{-1, -1}, 
{2825, -1}, 
{2735, 2905}, 
{-1, -1}, 
{2829, 2831}, 
{-1, 2832}, 
{-1, -1}, 
{2830, 2835}, 
{-1, -1}, 
{2834, 2837}, 
{-1, -1}, 
{2836, 2838}, 
{-1, -1}, 
{2833, 2847}, 
{-1, 2841}, 
{-1, -1}, 
{2840, 2844}, 
{-1, -1}, 
{2843, 2845}, 
{-1, 2846}, 
{-1, -1}, 
{2842, 2849}, 
{-1, -1}, 
{2848, 2850}, 
{-1, -1}, 
{2839, 2857}, 
{-1, 2853}, 
{-1, -1}, 
{2852, 2856}, 
{-1, -1}, 
{2855, -1}, 
{2854, 2863}, 
{-1, -1}, 
{2858, 2860}, 
{-1, -1}, 
{2859, 2862}, 
{-1, -1}, 
{2861, 2865}, 
{-1, -1}, 
{2864, 2866}, 
{-1, -1}, 
{2851, 2887}, 
{-1, -1}, 
{2868, 2871}, 
{-1, -1}, 
{2870, 2872}, 
{-1, -1}, 
{2869, 2875}, 
{-1, -1}, 
{2874, 2876}, 
{-1, -1}, 
{2873, 2882}, 
{-1, -1}, 
{2878, 2881}, 
{-1, -1}, 
{2880, -1}, 
{2879, 2885}, 
{-1, 2884}, 
{-1, -1}, 
{2883, 2886}, 
{-1, -1}, 
{2877, 2897}, 
{-1, 2889}, 
{-1, -1}, 
{2888, 2894}, 
{-1, -1}, 
{2891, 2893}, 
{-1, -1}, 
{2892, 2896}, 
{-1, -1}, 
{2895, -1}, 
{2890, 2900}, 
{-1, -1}, 
{2898, -1}, 
{2899, 2901}, 
{-1, 2904}, 
{-1, -1}, 
{2902, -1}, 
{2903, -1}, 
{2867, 2949}, 
{-1, 2907}, 
{-1, -1}, 
{2906, 2910}, 
{-1, -1}, 
{2909, 2911}, 
{-1, 2912}, 
{-1, -1}, 
{2908, 2919}, 
{-1, 2915}, 
{-1, -1}, 
{2914, 2917}, 
{-1, 2918}, 
{-1, -1}, 
{2916, 2924}, 
{-1, -1}, 
{2920, 2922}, 
{-1, 2923}, 
{-1, -1}, 
{2921, 2925}, 
{-1, -1}, 
{2913, 2938}, 
{-1, -1}, 
{2927, 2929}, 
{-1, -1}, 
{2928, 2932}, 
{-1, -1}, 
{2931, -1}, 
{2930, 2936}, 
{-1, 2935}, 
{-1, -1}, 
{2934, 2937}, 
{-1, -1}, 
{2933, 2943}, 
{-1, 2940}, 
{-1, -1}, 
{2939, 2942}, 
{-1, -1}, 
{2941, 2947}, 
{-1, 2946}, 
{-1, -1}, 
{2945, -1}, 
{2944, 2948}, 
{-1, -1}, 
{2926, 2978}, 
{-1, 2951}, 
{-1, 2952}, 
{-1, -1}, 
{2950, 2955}, 
{-1, -1}, 
{2954, 2957}, 
{-1, -1}, 
{2956, -1}, 
{2953, 2960}, 
{-1, -1}, 
{2959, 2961}, 
{-1, 2962}, 
{-1, -1}, 
{2958, 2970}, 
{-1, 2966}, 
{-1, -1}, 
{2965, -1}, 
{2964, 2968}, 
{-1, 2969}, 
{-1, -1}, 
{2967, 2976}, 
{-1, -1}, 
{2971, 2974}, 
{-1, -1}, 
{2973, 2975}, 
{-1, -1}, 
{2972, 2977}, 
{-1, -1}, 
{2963, 2989}, 
{-1, -1}, 
{2979, 2981}, 
{-1, -1}, 
{2980, 2983}, 
{-1, -1}, 
{2982, 2985}, 
{-1, 2988}, 
{-1, 2987}, 
{-1, -1}, 
{2986, -1}, 
{2984, 2993}, 
{-1, -1}, 
{2990, 2992}, 
{-1, -1}, 
{2991, 2996}, 
{-1, 2995}, 
{-1, -1}, 
{2994, 2997}, 
{-1, 2999}, 
{-1, -1}, 
{2998, -1} };
