static long BSTdepth = 280892076; // pour info. Non demand√©
static int BSTroot = 987;
static int BSTtree[2000][2] = {
{-1, -1}, 
{0, 3}, 
{-1, -1}, 
{2, -1}, 
{1, 8}, 
{-1, -1}, 
{5, -1}, 
{6, -1}, 
{7, 9}, 
{-1, 10}, 
{-1, -1}, 
{4, 18}, 
{-1, -1}, 
{12, -1}, 
{13, 16}, 
{-1, -1}, 
{15, 17}, 
{-1, -1}, 
{14, 20}, 
{-1, -1}, 
{19, 22}, 
{-1, -1}, 
{21, 23}, 
{-1, -1}, 
{11, 41}, 
{-1, 26}, 
{-1, -1}, 
{25, 28}, 
{-1, -1}, 
{27, 30}, 
{-1, 31}, 
{-1, -1}, 
{29, 37}, 
{-1, -1}, 
{33, -1}, 
{34, 36}, 
{-1, -1}, 
{35, 40}, 
{-1, 39}, 
{-1, -1}, 
{38, -1}, 
{32, 49}, 
{-1, -1}, 
{42, -1}, 
{43, 45}, 
{-1, -1}, 
{44, 47}, 
{-1, 48}, 
{-1, -1}, 
{46, 54}, 
{-1, 51}, 
{-1, -1}, 
{50, 53}, 
{-1, -1}, 
{52, 55}, 
{-1, 58}, 
{-1, 57}, 
{-1, -1}, 
{56, -1}, 
{24, 89}, 
{-1, 62}, 
{-1, -1}, 
{61, -1}, 
{60, 65}, 
{-1, -1}, 
{64, -1}, 
{63, 70}, 
{-1, 69}, 
{-1, -1}, 
{68, -1}, 
{67, 71}, 
{-1, 72}, 
{-1, -1}, 
{66, 81}, 
{-1, -1}, 
{74, -1}, 
{75, 77}, 
{-1, -1}, 
{76, 79}, 
{-1, 80}, 
{-1, -1}, 
{78, 85}, 
{-1, -1}, 
{82, 84}, 
{-1, -1}, 
{83, 87}, 
{-1, -1}, 
{86, 88}, 
{-1, -1}, 
{73, 104}, 
{-1, -1}, 
{90, 92}, 
{-1, -1}, 
{91, 95}, 
{-1, -1}, 
{94, -1}, 
{93, 101}, 
{-1, 98}, 
{-1, -1}, 
{97, 100}, 
{-1, -1}, 
{99, 103}, 
{-1, -1}, 
{102, -1}, 
{96, 112}, 
{-1, -1}, 
{105, 109}, 
{-1, 108}, 
{-1, -1}, 
{107, 111}, 
{-1, -1}, 
{110, -1}, 
{106, 121}, 
{-1, -1}, 
{113, -1}, 
{114, 120}, 
{-1, -1}, 
{116, 119}, 
{-1, -1}, 
{118, -1}, 
{117, -1}, 
{115, 124}, 
{-1, -1}, 
{122, -1}, 
{123, 125}, 
{-1, -1}, 
{59, 192}, 
{-1, -1}, 
{127, 130}, 
{-1, -1}, 
{129, 132}, 
{-1, -1}, 
{131, -1}, 
{128, 134}, 
{-1, -1}, 
{133, 140}, 
{-1, -1}, 
{136, 139}, 
{-1, -1}, 
{138, -1}, 
{137, 144}, 
{-1, 142}, 
{-1, -1}, 
{141, -1}, 
{143, 145}, 
{-1, -1}, 
{135, 153}, 
{-1, -1}, 
{147, 149}, 
{-1, -1}, 
{148, 152}, 
{-1, -1}, 
{151, -1}, 
{150, 155}, 
{-1, -1}, 
{154, 157}, 
{-1, -1}, 
{156, -1}, 
{146, 173}, 
{-1, -1}, 
{159, 162}, 
{-1, -1}, 
{161, 163}, 
{-1, -1}, 
{160, 166}, 
{-1, -1}, 
{165, 167}, 
{-1, -1}, 
{164, 171}, 
{-1, -1}, 
{169, -1}, 
{170, 172}, 
{-1, -1}, 
{168, 183}, 
{-1, -1}, 
{174, 176}, 
{-1, -1}, 
{175, 180}, 
{-1, -1}, 
{178, -1}, 
{179, 182}, 
{-1, -1}, 
{181, -1}, 
{177, 187}, 
{-1, -1}, 
{184, 186}, 
{-1, -1}, 
{185, 189}, 
{-1, -1}, 
{188, 191}, 
{-1, -1}, 
{190, -1}, 
{158, 217}, 
{-1, 194}, 
{-1, -1}, 
{193, 196}, 
{-1, 197}, 
{-1, -1}, 
{195, 201}, 
{-1, 200}, 
{-1, -1}, 
{199, 202}, 
{-1, -1}, 
{198, 209}, 
{-1, 205}, 
{-1, -1}, 
{204, 208}, 
{-1, -1}, 
{207, -1}, 
{206, 215}, 
{-1, 211}, 
{-1, -1}, 
{210, 214}, 
{-1, -1}, 
{213, -1}, 
{212, 216}, 
{-1, -1}, 
{203, 230}, 
{-1, -1}, 
{218, -1}, 
{219, 222}, 
{-1, -1}, 
{221, -1}, 
{220, 228}, 
{-1, 225}, 
{-1, -1}, 
{224, 227}, 
{-1, -1}, 
{226, 229}, 
{-1, -1}, 
{223, 234}, 
{-1, -1}, 
{231, 233}, 
{-1, -1}, 
{232, 239}, 
{-1, 236}, 
{-1, -1}, 
{235, 238}, 
{-1, -1}, 
{237, 241}, 
{-1, -1}, 
{240, 242}, 
{-1, -1}, 
{126, 374}, 
{-1, -1}, 
{244, 246}, 
{-1, -1}, 
{245, 250}, 
{-1, 249}, 
{-1, -1}, 
{248, 251}, 
{-1, -1}, 
{247, 260}, 
{-1, 254}, 
{-1, 255}, 
{-1, -1}, 
{253, 259}, 
{-1, -1}, 
{257, -1}, 
{258, -1}, 
{256, 263}, 
{-1, 262}, 
{-1, -1}, 
{261, 264}, 
{-1, -1}, 
{252, 270}, 
{-1, 267}, 
{-1, -1}, 
{266, 269}, 
{-1, -1}, 
{268, 276}, 
{-1, -1}, 
{271, 273}, 
{-1, -1}, 
{272, 275}, 
{-1, -1}, 
{274, 279}, 
{-1, -1}, 
{277, -1}, 
{278, 281}, 
{-1, -1}, 
{280, -1}, 
{265, 295}, 
{-1, -1}, 
{283, 287}, 
{-1, 286}, 
{-1, -1}, 
{285, 288}, 
{-1, 289}, 
{-1, -1}, 
{284, 292}, 
{-1, -1}, 
{291, 294}, 
{-1, -1}, 
{293, -1}, 
{290, 306}, 
{-1, 297}, 
{-1, -1}, 
{296, 299}, 
{-1, -1}, 
{298, 304}, 
{-1, 303}, 
{-1, -1}, 
{302, -1}, 
{301, 305}, 
{-1, -1}, 
{300, 312}, 
{-1, -1}, 
{307, 309}, 
{-1, 310}, 
{-1, 311}, 
{-1, -1}, 
{308, 315}, 
{-1, 314}, 
{-1, -1}, 
{313, -1}, 
{282, 351}, 
{-1, -1}, 
{317, -1}, 
{318, -1}, 
{319, 321}, 
{-1, 322}, 
{-1, -1}, 
{320, 326}, 
{-1, -1}, 
{324, -1}, 
{325, 327}, 
{-1, -1}, 
{323, 332}, 
{-1, -1}, 
{329, 331}, 
{-1, -1}, 
{330, 333}, 
{-1, -1}, 
{328, 341}, 
{-1, 336}, 
{-1, -1}, 
{335, 340}, 
{-1, 339}, 
{-1, -1}, 
{338, -1}, 
{337, 348}, 
{-1, -1}, 
{342, 344}, 
{-1, -1}, 
{343, 347}, 
{-1, -1}, 
{346, -1}, 
{345, 350}, 
{-1, -1}, 
{349, -1}, 
{334, 362}, 
{-1, -1}, 
{352, 356}, 
{-1, 355}, 
{-1, -1}, 
{354, -1}, 
{353, 359}, 
{-1, -1}, 
{358, 361}, 
{-1, -1}, 
{360, -1}, 
{357, 368}, 
{-1, 364}, 
{-1, -1}, 
{363, 367}, 
{-1, -1}, 
{366, -1}, 
{365, 370}, 
{-1, -1}, 
{369, 372}, 
{-1, -1}, 
{371, 373}, 
{-1, -1}, 
{316, 440}, 
{-1, -1}, 
{375, 377}, 
{-1, -1}, 
{376, 379}, 
{-1, -1}, 
{378, 382}, 
{-1, -1}, 
{381, -1}, 
{380, 388}, 
{-1, -1}, 
{384, 386}, 
{-1, 387}, 
{-1, -1}, 
{385, 390}, 
{-1, -1}, 
{389, 391}, 
{-1, -1}, 
{383, 399}, 
{-1, -1}, 
{393, 396}, 
{-1, -1}, 
{395, 397}, 
{-1, 398}, 
{-1, -1}, 
{394, 407}, 
{-1, -1}, 
{400, 402}, 
{-1, 403}, 
{-1, -1}, 
{401, 406}, 
{-1, -1}, 
{405, -1}, 
{404, 409}, 
{-1, -1}, 
{408, 410}, 
{-1, -1}, 
{392, 425}, 
{-1, -1}, 
{412, -1}, 
{413, 415}, 
{-1, 417}, 
{-1, -1}, 
{416, -1}, 
{414, 421}, 
{-1, 420}, 
{-1, -1}, 
{419, 423}, 
{-1, -1}, 
{422, 424}, 
{-1, -1}, 
{418, 435}, 
{-1, -1}, 
{426, 429}, 
{-1, -1}, 
{428, 430}, 
{-1, -1}, 
{427, 433}, 
{-1, -1}, 
{432, 434}, 
{-1, -1}, 
{431, 437}, 
{-1, -1}, 
{436, 439}, 
{-1, -1}, 
{438, -1}, 
{411, 473}, 
{-1, -1}, 
{441, 444}, 
{-1, -1}, 
{443, -1}, 
{442, 447}, 
{-1, -1}, 
{446, -1}, 
{445, 453}, 
{-1, -1}, 
{449, -1}, 
{450, 452}, 
{-1, -1}, 
{451, 455}, 
{-1, -1}, 
{454, -1}, 
{448, 463}, 
{-1, 458}, 
{-1, 460}, 
{-1, -1}, 
{459, -1}, 
{457, 462}, 
{-1, -1}, 
{461, 469}, 
{-1, 465}, 
{-1, -1}, 
{464, 467}, 
{-1, 468}, 
{-1, -1}, 
{466, 471}, 
{-1, -1}, 
{470, 472}, 
{-1, -1}, 
{456, 484}, 
{-1, -1}, 
{474, 476}, 
{-1, -1}, 
{475, 479}, 
{-1, -1}, 
{478, 482}, 
{-1, 481}, 
{-1, -1}, 
{480, 483}, 
{-1, -1}, 
{477, 490}, 
{-1, 486}, 
{-1, -1}, 
{485, 489}, 
{-1, -1}, 
{488, -1}, 
{487, 496}, 
{-1, 492}, 
{-1, -1}, 
{491, 495}, 
{-1, -1}, 
{494, -1}, 
{493, 498}, 
{-1, -1}, 
{497, -1}, 
{243, 744}, 
{-1, 502}, 
{-1, -1}, 
{501, -1}, 
{500, 506}, 
{-1, 505}, 
{-1, -1}, 
{504, 508}, 
{-1, -1}, 
{507, -1}, 
{503, 516}, 
{-1, -1}, 
{510, 513}, 
{-1, -1}, 
{512, 514}, 
{-1, 515}, 
{-1, -1}, 
{511, 517}, 
{-1, 520}, 
{-1, -1}, 
{518, -1}, 
{519, 521}, 
{-1, -1}, 
{509, 528}, 
{-1, -1}, 
{523, 526}, 
{-1, -1}, 
{525, 527}, 
{-1, -1}, 
{524, 531}, 
{-1, -1}, 
{529, -1}, 
{530, 533}, 
{-1, -1}, 
{532, 534}, 
{-1, -1}, 
{522, 551}, 
{-1, -1}, 
{536, 539}, 
{-1, -1}, 
{538, -1}, 
{537, 543}, 
{-1, 542}, 
{-1, -1}, 
{541, -1}, 
{540, 546}, 
{-1, -1}, 
{545, 547}, 
{-1, 548}, 
{-1, 550}, 
{-1, -1}, 
{549, -1}, 
{544, 561}, 
{-1, 553}, 
{-1, -1}, 
{552, 555}, 
{-1, -1}, 
{554, 559}, 
{-1, -1}, 
{557, -1}, 
{558, 560}, 
{-1, -1}, 
{556, 566}, 
{-1, 563}, 
{-1, 564}, 
{-1, -1}, 
{562, -1}, 
{565, 567}, 
{-1, 569}, 
{-1, -1}, 
{568, -1}, 
{535, 595}, 
{-1, -1}, 
{571, 574}, 
{-1, -1}, 
{573, -1}, 
{572, 578}, 
{-1, -1}, 
{576, -1}, 
{577, 579}, 
{-1, -1}, 
{575, 588}, 
{-1, -1}, 
{581, 584}, 
{-1, -1}, 
{583, -1}, 
{582, 587}, 
{-1, -1}, 
{586, -1}, 
{585, 592}, 
{-1, 591}, 
{-1, -1}, 
{590, -1}, 
{589, 593}, 
{-1, 594}, 
{-1, -1}, 
{580, 608}, 
{-1, -1}, 
{596, -1}, 
{597, 599}, 
{-1, -1}, 
{598, 604}, 
{-1, -1}, 
{601, 603}, 
{-1, -1}, 
{602, 606}, 
{-1, -1}, 
{605, 607}, 
{-1, -1}, 
{600, 612}, 
{-1, -1}, 
{609, 611}, 
{-1, -1}, 
{610, 617}, 
{-1, -1}, 
{613, 616}, 
{-1, -1}, 
{615, -1}, 
{614, 620}, 
{-1, -1}, 
{618, -1}, 
{619, 621}, 
{-1, -1}, 
{570, 688}, 
{-1, -1}, 
{623, -1}, 
{624, 627}, 
{-1, -1}, 
{626, 628}, 
{-1, -1}, 
{625, 632}, 
{-1, 631}, 
{-1, -1}, 
{630, 633}, 
{-1, -1}, 
{629, 640}, 
{-1, 636}, 
{-1, -1}, 
{635, 638}, 
{-1, 639}, 
{-1, -1}, 
{637, 645}, 
{-1, -1}, 
{641, 643}, 
{-1, 644}, 
{-1, -1}, 
{642, 646}, 
{-1, -1}, 
{634, 667}, 
{-1, 650}, 
{-1, -1}, 
{649, 651}, 
{-1, -1}, 
{648, 653}, 
{-1, -1}, 
{652, 656}, 
{-1, -1}, 
{655, 657}, 
{-1, -1}, 
{654, 663}, 
{-1, -1}, 
{659, -1}, 
{660, 662}, 
{-1, -1}, 
{661, 665}, 
{-1, -1}, 
{664, 666}, 
{-1, -1}, 
{658, 675}, 
{-1, -1}, 
{668, 670}, 
{-1, -1}, 
{669, 672}, 
{-1, 674}, 
{-1, -1}, 
{673, -1}, 
{671, 679}, 
{-1, 677}, 
{-1, -1}, 
{676, -1}, 
{678, 685}, 
{-1, 683}, 
{-1, 682}, 
{-1, -1}, 
{681, -1}, 
{680, -1}, 
{684, 686}, 
{-1, 687}, 
{-1, -1}, 
{647, 720}, 
{-1, -1}, 
{689, 691}, 
{-1, -1}, 
{690, 695}, 
{-1, -1}, 
{693, -1}, 
{694, 696}, 
{-1, -1}, 
{692, 699}, 
{-1, -1}, 
{698, 700}, 
{-1, 701}, 
{-1, -1}, 
{697, 711}, 
{-1, -1}, 
{703, 708}, 
{-1, -1}, 
{705, 707}, 
{-1, -1}, 
{706, 709}, 
{-1, 710}, 
{-1, -1}, 
{704, 715}, 
{-1, 713}, 
{-1, -1}, 
{712, -1}, 
{714, 716}, 
{-1, 717}, 
{-1, 719}, 
{-1, -1}, 
{718, -1}, 
{702, 731}, 
{-1, 722}, 
{-1, -1}, 
{721, 726}, 
{-1, 725}, 
{-1, -1}, 
{724, -1}, 
{723, 729}, 
{-1, -1}, 
{728, 730}, 
{-1, -1}, 
{727, 738}, 
{-1, -1}, 
{732, 735}, 
{-1, -1}, 
{734, 737}, 
{-1, -1}, 
{736, -1}, 
{733, 741}, 
{-1, -1}, 
{739, -1}, 
{740, 742}, 
{-1, 743}, 
{-1, -1}, 
{622, 871}, 
{-1, 746}, 
{-1, -1}, 
{745, 749}, 
{-1, -1}, 
{748, 750}, 
{-1, -1}, 
{747, 756}, 
{-1, -1}, 
{752, 755}, 
{-1, -1}, 
{754, -1}, 
{753, 757}, 
{-1, 758}, 
{-1, -1}, 
{751, 768}, 
{-1, 761}, 
{-1, -1}, 
{760, 765}, 
{-1, 764}, 
{-1, -1}, 
{763, 767}, 
{-1, -1}, 
{766, -1}, 
{762, 770}, 
{-1, -1}, 
{769, 771}, 
{-1, -1}, 
{759, 794}, 
{-1, 775}, 
{-1, -1}, 
{774, -1}, 
{773, 779}, 
{-1, 778}, 
{-1, -1}, 
{777, -1}, 
{776, 782}, 
{-1, -1}, 
{781, -1}, 
{780, 789}, 
{-1, -1}, 
{784, -1}, 
{785, 788}, 
{-1, -1}, 
{787, -1}, 
{786, 792}, 
{-1, 791}, 
{-1, -1}, 
{790, 793}, 
{-1, -1}, 
{783, 802}, 
{-1, 796}, 
{-1, -1}, 
{795, -1}, 
{797, 801}, 
{-1, 800}, 
{-1, -1}, 
{799, -1}, 
{798, 807}, 
{-1, -1}, 
{803, 806}, 
{-1, -1}, 
{805, -1}, 
{804, 809}, 
{-1, -1}, 
{808, -1}, 
{772, 839}, 
{-1, -1}, 
{811, 813}, 
{-1, -1}, 
{812, 816}, 
{-1, -1}, 
{815, 817}, 
{-1, -1}, 
{814, 822}, 
{-1, -1}, 
{819, 821}, 
{-1, -1}, 
{820, 823}, 
{-1, -1}, 
{818, 831}, 
{-1, 827}, 
{-1, -1}, 
{826, -1}, 
{825, 829}, 
{-1, 830}, 
{-1, -1}, 
{828, 835}, 
{-1, -1}, 
{832, 834}, 
{-1, -1}, 
{833, 837}, 
{-1, -1}, 
{836, 838}, 
{-1, -1}, 
{824, 853}, 
{-1, -1}, 
{840, -1}, 
{841, 846}, 
{-1, 844}, 
{-1, 845}, 
{-1, -1}, 
{843, -1}, 
{842, 849}, 
{-1, -1}, 
{848, 852}, 
{-1, 851}, 
{-1, -1}, 
{850, -1}, 
{847, 863}, 
{-1, -1}, 
{854, -1}, 
{855, 857}, 
{-1, -1}, 
{856, 862}, 
{-1, 860}, 
{-1, 861}, 
{-1, -1}, 
{859, -1}, 
{858, 866}, 
{-1, -1}, 
{864, -1}, 
{865, 868}, 
{-1, -1}, 
{867, 869}, 
{-1, 870}, 
{-1, -1}, 
{810, 930}, 
{-1, -1}, 
{872, -1}, 
{873, 875}, 
{-1, 876}, 
{-1, -1}, 
{874, 878}, 
{-1, -1}, 
{877, 881}, 
{-1, -1}, 
{880, 883}, 
{-1, -1}, 
{882, 885}, 
{-1, -1}, 
{884, -1}, 
{879, 895}, 
{-1, -1}, 
{887, 890}, 
{-1, -1}, 
{889, 893}, 
{-1, 892}, 
{-1, -1}, 
{891, 894}, 
{-1, -1}, 
{888, 899}, 
{-1, 897}, 
{-1, -1}, 
{896, -1}, 
{898, 900}, 
{-1, 902}, 
{-1, -1}, 
{901, -1}, 
{886, 915}, 
{-1, -1}, 
{904, 906}, 
{-1, -1}, 
{905, 909}, 
{-1, -1}, 
{908, -1}, 
{907, 913}, 
{-1, -1}, 
{911, -1}, 
{912, 914}, 
{-1, -1}, 
{910, 922}, 
{-1, 917}, 
{-1, -1}, 
{916, 920}, 
{-1, -1}, 
{919, 921}, 
{-1, -1}, 
{918, 925}, 
{-1, -1}, 
{923, -1}, 
{924, 927}, 
{-1, -1}, 
{926, 928}, 
{-1, 929}, 
{-1, -1}, 
{903, 960}, 
{-1, 932}, 
{-1, -1}, 
{931, 934}, 
{-1, -1}, 
{933, 938}, 
{-1, 937}, 
{-1, -1}, 
{936, 942}, 
{-1, -1}, 
{939, -1}, 
{940, -1}, 
{941, 944}, 
{-1, -1}, 
{943, -1}, 
{935, 954}, 
{-1, -1}, 
{946, -1}, 
{947, 949}, 
{-1, -1}, 
{948, 952}, 
{-1, -1}, 
{951, 953}, 
{-1, -1}, 
{950, 957}, 
{-1, -1}, 
{955, -1}, 
{956, 959}, 
{-1, -1}, 
{958, -1}, 
{945, 973}, 
{-1, -1}, 
{961, 964}, 
{-1, -1}, 
{963, -1}, 
{962, 969}, 
{-1, -1}, 
{966, 968}, 
{-1, -1}, 
{967, 971}, 
{-1, -1}, 
{970, 972}, 
{-1, -1}, 
{965, 979}, 
{-1, -1}, 
{974, -1}, 
{975, 978}, 
{-1, -1}, 
{977, -1}, 
{976, 982}, 
{-1, -1}, 
{980, -1}, 
{981, 985}, 
{-1, -1}, 
{983, -1}, 
{984, 986}, 
{-1, -1}, 
{499, 1494}, 
{-1, 989}, 
{-1, -1}, 
{988, 992}, 
{-1, -1}, 
{991, -1}, 
{990, 994}, 
{-1, 995}, 
{-1, -1}, 
{993, 999}, 
{-1, 998}, 
{-1, -1}, 
{997, 1000}, 
{-1, -1}, 
{996, 1010}, 
{-1, -1}, 
{1002, 1004}, 
{-1, -1}, 
{1003, 1006}, 
{-1, -1}, 
{1005, 1008}, 
{-1, 1009}, 
{-1, -1}, 
{1007, 1020}, 
{-1, 1012}, 
{-1, -1}, 
{1011, 1014}, 
{-1, -1}, 
{1013, 1018}, 
{-1, -1}, 
{1016, -1}, 
{1017, 1019}, 
{-1, -1}, 
{1015, 1025}, 
{-1, -1}, 
{1021, 1024}, 
{-1, -1}, 
{1023, -1}, 
{1022, 1027}, 
{-1, -1}, 
{1026, 1028}, 
{-1, -1}, 
{1001, 1049}, 
{-1, 1034}, 
{-1, 1032}, 
{-1, -1}, 
{1031, -1}, 
{1033, 1035}, 
{-1, -1}, 
{1030, 1038}, 
{-1, -1}, 
{1037, 1039}, 
{-1, -1}, 
{1036, 1044}, 
{-1, -1}, 
{1041, 1043}, 
{-1, -1}, 
{1042, 1046}, 
{-1, -1}, 
{1045, 1048}, 
{-1, -1}, 
{1047, -1}, 
{1040, 1057}, 
{-1, -1}, 
{1050, 1052}, 
{-1, 1053}, 
{-1, -1}, 
{1051, 1055}, 
{-1, 1056}, 
{-1, -1}, 
{1054, 1060}, 
{-1, 1059}, 
{-1, -1}, 
{1058, 1061}, 
{-1, 1062}, 
{-1, -1}, 
{1029, 1095}, 
{-1, -1}, 
{1064, 1066}, 
{-1, -1}, 
{1065, 1072}, 
{-1, -1}, 
{1068, 1071}, 
{-1, -1}, 
{1070, -1}, 
{1069, 1074}, 
{-1, -1}, 
{1073, 1075}, 
{-1, -1}, 
{1067, 1087}, 
{-1, -1}, 
{1077, -1}, 
{1078, 1080}, 
{-1, 1082}, 
{-1, -1}, 
{1081, -1}, 
{1079, 1085}, 
{-1, -1}, 
{1084, 1086}, 
{-1, -1}, 
{1083, 1092}, 
{-1, 1091}, 
{-1, -1}, 
{1089, -1}, 
{1090, -1}, 
{1088, 1093}, 
{-1, 1094}, 
{-1, -1}, 
{1076, 1110}, 
{-1, 1097}, 
{-1, -1}, 
{1096, 1100}, 
{-1, -1}, 
{1099, -1}, 
{1098, 1106}, 
{-1, 1104}, 
{-1, -1}, 
{1103, 1105}, 
{-1, -1}, 
{1102, 1109}, 
{-1, -1}, 
{1107, -1}, 
{1108, -1}, 
{1101, 1117}, 
{-1, 1112}, 
{-1, -1}, 
{1111, 1115}, 
{-1, -1}, 
{1114, 1116}, 
{-1, -1}, 
{1113, 1121}, 
{-1, 1119}, 
{-1, -1}, 
{1118, -1}, 
{1120, 1122}, 
{-1, 1123}, 
{-1, -1}, 
{1063, 1193}, 
{-1, 1126}, 
{-1, -1}, 
{1125, 1128}, 
{-1, 1130}, 
{-1, -1}, 
{1129, 1131}, 
{-1, 1132}, 
{-1, -1}, 
{1127, 1137}, 
{-1, 1135}, 
{-1, 1136}, 
{-1, -1}, 
{1134, 1139}, 
{-1, -1}, 
{1138, 1141}, 
{-1, -1}, 
{1140, 1142}, 
{-1, -1}, 
{1133, 1154}, 
{-1, -1}, 
{1144, -1}, 
{1145, 1149}, 
{-1, 1148}, 
{-1, -1}, 
{1147, 1152}, 
{-1, 1151}, 
{-1, -1}, 
{1150, 1153}, 
{-1, -1}, 
{1146, 1159}, 
{-1, -1}, 
{1155, -1}, 
{1156, 1158}, 
{-1, -1}, 
{1157, 1160}, 
{-1, 1161}, 
{-1, 1162}, 
{-1, -1}, 
{1143, 1178}, 
{-1, -1}, 
{1164, 1166}, 
{-1, -1}, 
{1165, 1168}, 
{-1, 1170}, 
{-1, -1}, 
{1169, -1}, 
{1167, 1174}, 
{-1, 1173}, 
{-1, -1}, 
{1172, 1177}, 
{-1, 1176}, 
{-1, -1}, 
{1175, -1}, 
{1171, 1187}, 
{-1, 1180}, 
{-1, 1181}, 
{-1, -1}, 
{1179, -1}, 
{1182, 1185}, 
{-1, -1}, 
{1184, 1186}, 
{-1, -1}, 
{1183, 1190}, 
{-1, 1189}, 
{-1, -1}, 
{1188, 1192}, 
{-1, -1}, 
{1191, -1}, 
{1163, 1229}, 
{-1, 1195}, 
{-1, 1197}, 
{-1, -1}, 
{1196, -1}, 
{1194, 1199}, 
{-1, 1200}, 
{-1, 1201}, 
{-1, -1}, 
{1198, 1205}, 
{-1, -1}, 
{1203, -1}, 
{1204, 1207}, 
{-1, -1}, 
{1206, -1}, 
{1202, 1220}, 
{-1, -1}, 
{1209, 1212}, 
{-1, -1}, 
{1211, 1214}, 
{-1, -1}, 
{1213, -1}, 
{1210, 1218}, 
{-1, 1217}, 
{-1, -1}, 
{1216, 1219}, 
{-1, -1}, 
{1215, 1225}, 
{-1, 1222}, 
{-1, -1}, 
{1221, 1224}, 
{-1, -1}, 
{1223, 1227}, 
{-1, -1}, 
{1226, 1228}, 
{-1, -1}, 
{1208, 1249}, 
{-1, -1}, 
{1230, 1233}, 
{-1, -1}, 
{1232, -1}, 
{1231, 1239}, 
{-1, -1}, 
{1235, 1238}, 
{-1, -1}, 
{1237, -1}, 
{1236, 1241}, 
{-1, -1}, 
{1240, -1}, 
{1234, 1245}, 
{-1, -1}, 
{1243, -1}, 
{1244, 1247}, 
{-1, -1}, 
{1246, 1248}, 
{-1, -1}, 
{1242, 1257}, 
{-1, 1252}, 
{-1, -1}, 
{1251, 1253}, 
{-1, -1}, 
{1250, 1255}, 
{-1, 1256}, 
{-1, -1}, 
{1254, 1260}, 
{-1, 1259}, 
{-1, -1}, 
{1258, 1263}, 
{-1, 1262}, 
{-1, -1}, 
{1261, 1264}, 
{-1, -1}, 
{1124, 1385}, 
{-1, -1}, 
{1266, 1268}, 
{-1, -1}, 
{1267, 1271}, 
{-1, -1}, 
{1270, 1272}, 
{-1, 1273}, 
{-1, -1}, 
{1269, 1279}, 
{-1, -1}, 
{1275, 1277}, 
{-1, -1}, 
{1276, -1}, 
{1278, 1281}, 
{-1, -1}, 
{1280, -1}, 
{1274, 1286}, 
{-1, -1}, 
{1283, 1285}, 
{-1, -1}, 
{1284, 1290}, 
{-1, -1}, 
{1287, 1289}, 
{-1, -1}, 
{1288, 1291}, 
{-1, 1294}, 
{-1, 1293}, 
{-1, -1}, 
{1292, 1295}, 
{-1, -1}, 
{1282, 1308}, 
{-1, 1300}, 
{-1, 1299}, 
{-1, -1}, 
{1298, -1}, 
{1297, 1302}, 
{-1, -1}, 
{1301, 1305}, 
{-1, -1}, 
{1304, 1307}, 
{-1, -1}, 
{1306, -1}, 
{1303, 1313}, 
{-1, -1}, 
{1309, 1312}, 
{-1, -1}, 
{1311, -1}, 
{1310, 1318}, 
{-1, -1}, 
{1314, -1}, 
{1315, 1317}, 
{-1, -1}, 
{1316, 1320}, 
{-1, -1}, 
{1319, 1321}, 
{-1, -1}, 
{1296, 1355}, 
{-1, -1}, 
{1323, 1327}, 
{-1, -1}, 
{1325, -1}, 
{1326, -1}, 
{1324, 1332}, 
{-1, 1331}, 
{-1, -1}, 
{1330, -1}, 
{1329, 1333}, 
{-1, 1334}, 
{-1, -1}, 
{1328, 1342}, 
{-1, -1}, 
{1336, -1}, 
{1337, 1340}, 
{-1, -1}, 
{1339, 1341}, 
{-1, -1}, 
{1338, 1347}, 
{-1, -1}, 
{1343, 1345}, 
{-1, -1}, 
{1344, -1}, 
{1346, 1350}, 
{-1, -1}, 
{1348, -1}, 
{1349, 1353}, 
{-1, 1352}, 
{-1, -1}, 
{1351, 1354}, 
{-1, -1}, 
{1335, 1371}, 
{-1, -1}, 
{1356, -1}, 
{1357, 1360}, 
{-1, -1}, 
{1359, 1361}, 
{-1, -1}, 
{1358, 1366}, 
{-1, -1}, 
{1363, 1365}, 
{-1, -1}, 
{1364, 1368}, 
{-1, -1}, 
{1367, 1369}, 
{-1, 1370}, 
{-1, -1}, 
{1362, 1377}, 
{-1, -1}, 
{1372, 1375}, 
{-1, -1}, 
{1374, 1376}, 
{-1, -1}, 
{1373, 1381}, 
{-1, 1379}, 
{-1, 1380}, 
{-1, -1}, 
{1378, 1382}, 
{-1, 1384}, 
{-1, -1}, 
{1383, -1}, 
{1322, 1436}, 
{-1, 1387}, 
{-1, -1}, 
{1386, 1389}, 
{-1, -1}, 
{1388, 1391}, 
{-1, 1392}, 
{-1, -1}, 
{1390, 1398}, 
{-1, -1}, 
{1394, -1}, 
{1395, -1}, 
{1396, -1}, 
{1397, 1399}, 
{-1, 1400}, 
{-1, -1}, 
{1393, 1409}, 
{-1, 1403}, 
{-1, 1404}, 
{-1, -1}, 
{1402, 1408}, 
{-1, -1}, 
{1406, -1}, 
{1407, -1}, 
{1405, 1412}, 
{-1, 1411}, 
{-1, -1}, 
{1410, 1413}, 
{-1, -1}, 
{1401, 1425}, 
{-1, -1}, 
{1415, 1418}, 
{-1, -1}, 
{1417, -1}, 
{1416, 1422}, 
{-1, 1421}, 
{-1, -1}, 
{1420, 1423}, 
{-1, 1424}, 
{-1, -1}, 
{1419, 1429}, 
{-1, -1}, 
{1426, 1428}, 
{-1, -1}, 
{1427, 1432}, 
{-1, -1}, 
{1430, -1}, 
{1431, 1435}, 
{-1, -1}, 
{1433, -1}, 
{1434, -1}, 
{1414, 1465}, 
{-1, 1438}, 
{-1, -1}, 
{1437, 1441}, 
{-1, -1}, 
{1440, 1442}, 
{-1, -1}, 
{1439, 1448}, 
{-1, -1}, 
{1444, 1446}, 
{-1, -1}, 
{1445, -1}, 
{1447, 1449}, 
{-1, -1}, 
{1443, 1456}, 
{-1, 1452}, 
{-1, -1}, 
{1451, 1455}, 
{-1, -1}, 
{1454, -1}, 
{1453, 1460}, 
{-1, -1}, 
{1457, 1459}, 
{-1, -1}, 
{1458, 1463}, 
{-1, 1462}, 
{-1, -1}, 
{1461, 1464}, 
{-1, -1}, 
{1450, 1480}, 
{-1, -1}, 
{1466, 1469}, 
{-1, -1}, 
{1468, 1470}, 
{-1, -1}, 
{1467, 1477}, 
{-1, -1}, 
{1472, -1}, 
{1473, 1476}, 
{-1, -1}, 
{1475, -1}, 
{1474, 1479}, 
{-1, -1}, 
{1478, -1}, 
{1471, 1488}, 
{-1, -1}, 
{1481, 1483}, 
{-1, -1}, 
{1482, 1487}, 
{-1, -1}, 
{1485, -1}, 
{1486, -1}, 
{1484, 1492}, 
{-1, -1}, 
{1489, 1491}, 
{-1, -1}, 
{1490, 1493}, 
{-1, -1}, 
{1265, 1759}, 
{-1, 1496}, 
{-1, -1}, 
{1495, 1500}, 
{-1, 1499}, 
{-1, -1}, 
{1498, 1502}, 
{-1, -1}, 
{1501, -1}, 
{1497, 1510}, 
{-1, 1505}, 
{-1, 1506}, 
{-1, -1}, 
{1504, 1509}, 
{-1, -1}, 
{1508, -1}, 
{1507, -1}, 
{1503, 1517}, 
{-1, 1513}, 
{-1, -1}, 
{1512, 1515}, 
{-1, 1516}, 
{-1, -1}, 
{1514, 1524}, 
{-1, 1520}, 
{-1, -1}, 
{1519, -1}, 
{1518, 1522}, 
{-1, 1523}, 
{-1, -1}, 
{1521, 1526}, 
{-1, -1}, 
{1525, 1527}, 
{-1, -1}, 
{1511, 1542}, 
{-1, -1}, 
{1529, -1}, 
{1530, 1532}, 
{-1, -1}, 
{1531, 1535}, 
{-1, -1}, 
{1534, -1}, 
{1533, 1540}, 
{-1, -1}, 
{1537, 1539}, 
{-1, -1}, 
{1538, 1541}, 
{-1, -1}, 
{1536, 1550}, 
{-1, -1}, 
{1543, 1545}, 
{-1, 1546}, 
{-1, -1}, 
{1544, 1549}, 
{-1, -1}, 
{1548, -1}, 
{1547, 1554}, 
{-1, 1553}, 
{-1, -1}, 
{1552, -1}, 
{1551, 1556}, 
{-1, -1}, 
{1555, 1557}, 
{-1, 1558}, 
{-1, 1559}, 
{-1, -1}, 
{1528, 1592}, 
{-1, -1}, 
{1561, 1563}, 
{-1, 1566}, 
{-1, -1}, 
{1564, -1}, 
{1565, -1}, 
{1562, 1568}, 
{-1, 1569}, 
{-1, -1}, 
{1567, 1573}, 
{-1, 1572}, 
{-1, -1}, 
{1571, 1574}, 
{-1, 1575}, 
{-1, -1}, 
{1570, 1585}, 
{-1, 1578}, 
{-1, -1}, 
{1577, 1580}, 
{-1, -1}, 
{1579, 1583}, 
{-1, -1}, 
{1582, 1584}, 
{-1, -1}, 
{1581, 1588}, 
{-1, -1}, 
{1586, -1}, 
{1587, 1590}, 
{-1, -1}, 
{1589, 1591}, 
{-1, -1}, 
{1576, 1612}, 
{-1, 1595}, 
{-1, -1}, 
{1594, -1}, 
{1593, 1597}, 
{-1, 1599}, 
{-1, -1}, 
{1598, -1}, 
{1596, 1601}, 
{-1, 1602}, 
{-1, -1}, 
{1600, 1607}, 
{-1, -1}, 
{1604, 1606}, 
{-1, -1}, 
{1605, 1609}, 
{-1, -1}, 
{1608, 1611}, 
{-1, -1}, 
{1610, -1}, 
{1603, 1621}, 
{-1, 1614}, 
{-1, -1}, 
{1613, 1616}, 
{-1, -1}, 
{1615, 1619}, 
{-1, -1}, 
{1618, 1620}, 
{-1, -1}, 
{1617, 1628}, 
{-1, -1}, 
{1622, 1624}, 
{-1, -1}, 
{1623, 1626}, 
{-1, 1627}, 
{-1, -1}, 
{1625, 1629}, 
{-1, 1630}, 
{-1, -1}, 
{1560, 1693}, 
{-1, 1633}, 
{-1, -1}, 
{1632, 1635}, 
{-1, -1}, 
{1634, 1639}, 
{-1, 1638}, 
{-1, -1}, 
{1637, 1641}, 
{-1, -1}, 
{1640, 1642}, 
{-1, -1}, 
{1636, 1646}, 
{-1, 1645}, 
{-1, -1}, 
{1644, 1647}, 
{-1, 1648}, 
{-1, -1}, 
{1643, 1657}, 
{-1, -1}, 
{1650, -1}, 
{1651, 1653}, 
{-1, 1654}, 
{-1, -1}, 
{1652, 1656}, 
{-1, -1}, 
{1655, 1661}, 
{-1, -1}, 
{1658, 1660}, 
{-1, -1}, 
{1659, 1662}, 
{-1, 1663}, 
{-1, -1}, 
{1649, 1679}, 
{-1, -1}, 
{1665, 1667}, 
{-1, -1}, 
{1666, 1669}, 
{-1, 1670}, 
{-1, -1}, 
{1668, 1676}, 
{-1, -1}, 
{1672, 1675}, 
{-1, -1}, 
{1674, -1}, 
{1673, 1677}, 
{-1, 1678}, 
{-1, -1}, 
{1671, 1685}, 
{-1, 1681}, 
{-1, -1}, 
{1680, 1684}, 
{-1, -1}, 
{1683, -1}, 
{1682, 1689}, 
{-1, -1}, 
{1686, 1688}, 
{-1, -1}, 
{1687, 1692}, 
{-1, 1691}, 
{-1, -1}, 
{1690, -1}, 
{1664, 1725}, 
{-1, 1695}, 
{-1, -1}, 
{1694, 1697}, 
{-1, -1}, 
{1696, 1701}, 
{-1, 1700}, 
{-1, -1}, 
{1699, 1702}, 
{-1, -1}, 
{1698, 1706}, 
{-1, -1}, 
{1704, -1}, 
{1705, 1708}, 
{-1, -1}, 
{1707, 1709}, 
{-1, -1}, 
{1703, 1718}, 
{-1, -1}, 
{1711, -1}, 
{1712, 1714}, 
{-1, 1716}, 
{-1, -1}, 
{1715, 1717}, 
{-1, -1}, 
{1713, 1721}, 
{-1, -1}, 
{1719, -1}, 
{1720, 1724}, 
{-1, 1723}, 
{-1, -1}, 
{1722, -1}, 
{1710, 1744}, 
{-1, -1}, 
{1726, 1729}, 
{-1, -1}, 
{1728, -1}, 
{1727, 1732}, 
{-1, -1}, 
{1731, 1734}, 
{-1, -1}, 
{1733, -1}, 
{1730, 1739}, 
{-1, 1738}, 
{-1, -1}, 
{1737, -1}, 
{1736, 1742}, 
{-1, 1741}, 
{-1, -1}, 
{1740, 1743}, 
{-1, -1}, 
{1735, 1753}, 
{-1, 1746}, 
{-1, -1}, 
{1745, -1}, 
{1747, 1750}, 
{-1, -1}, 
{1749, 1751}, 
{-1, 1752}, 
{-1, -1}, 
{1748, 1756}, 
{-1, 1755}, 
{-1, -1}, 
{1754, 1758}, 
{-1, -1}, 
{1757, -1}, 
{1631, 1874}, 
{-1, -1}, 
{1760, 1762}, 
{-1, -1}, 
{1761, 1764}, 
{-1, 1765}, 
{-1, 1766}, 
{-1, -1}, 
{1763, 1777}, 
{-1, -1}, 
{1768, -1}, 
{1769, 1771}, 
{-1, -1}, 
{1770, 1774}, 
{-1, -1}, 
{1773, 1775}, 
{-1, 1776}, 
{-1, -1}, 
{1772, 1781}, 
{-1, -1}, 
{1778, 1780}, 
{-1, -1}, 
{1779, 1783}, 
{-1, -1}, 
{1782, 1784}, 
{-1, 1785}, 
{-1, -1}, 
{1767, 1805}, 
{-1, -1}, 
{1787, 1789}, 
{-1, -1}, 
{1788, 1793}, 
{-1, -1}, 
{1791, -1}, 
{1792, 1795}, 
{-1, -1}, 
{1794, 1796}, 
{-1, -1}, 
{1790, 1801}, 
{-1, -1}, 
{1798, -1}, 
{1799, -1}, 
{1800, 1804}, 
{-1, -1}, 
{1802, -1}, 
{1803, -1}, 
{1797, 1815}, 
{-1, -1}, 
{1806, 1809}, 
{-1, -1}, 
{1808, -1}, 
{1807, 1811}, 
{-1, 1813}, 
{-1, -1}, 
{1812, 1814}, 
{-1, -1}, 
{1810, 1820}, 
{-1, 1818}, 
{-1, -1}, 
{1817, 1819}, 
{-1, -1}, 
{1816, -1}, 
{1786, 1845}, 
{-1, -1}, 
{1822, -1}, 
{1823, 1825}, 
{-1, -1}, 
{1824, 1827}, 
{-1, -1}, 
{1826, 1831}, 
{-1, -1}, 
{1829, -1}, 
{1830, 1833}, 
{-1, -1}, 
{1832, 1834}, 
{-1, -1}, 
{1828, 1840}, 
{-1, 1837}, 
{-1, -1}, 
{1836, 1839}, 
{-1, -1}, 
{1838, 1843}, 
{-1, -1}, 
{1841, -1}, 
{1842, 1844}, 
{-1, -1}, 
{1835, 1858}, 
{-1, -1}, 
{1846, 1848}, 
{-1, 1849}, 
{-1, -1}, 
{1847, 1851}, 
{-1, 1852}, 
{-1, -1}, 
{1850, 1855}, 
{-1, -1}, 
{1854, 1856}, 
{-1, 1857}, 
{-1, -1}, 
{1853, 1866}, 
{-1, -1}, 
{1859, 1862}, 
{-1, -1}, 
{1861, -1}, 
{1860, 1864}, 
{-1, 1865}, 
{-1, -1}, 
{1863, 1870}, 
{-1, 1868}, 
{-1, -1}, 
{1867, -1}, 
{1869, 1873}, 
{-1, -1}, 
{1871, -1}, 
{1872, -1}, 
{1821, 1938}, 
{-1, -1}, 
{1875, -1}, 
{1876, 1879}, 
{-1, -1}, 
{1878, -1}, 
{1877, 1885}, 
{-1, 1882}, 
{-1, -1}, 
{1881, 1884}, 
{-1, -1}, 
{1883, 1886}, 
{-1, -1}, 
{1880, 1897}, 
{-1, 1889}, 
{-1, -1}, 
{1888, 1891}, 
{-1, -1}, 
{1890, 1894}, 
{-1, -1}, 
{1893, 1895}, 
{-1, 1896}, 
{-1, -1}, 
{1892, 1903}, 
{-1, -1}, 
{1898, -1}, 
{1899, 1902}, 
{-1, -1}, 
{1901, -1}, 
{1900, 1905}, 
{-1, -1}, 
{1904, -1}, 
{1887, 1923}, 
{-1, -1}, 
{1907, -1}, 
{1908, 1911}, 
{-1, -1}, 
{1910, 1913}, 
{-1, -1}, 
{1912, -1}, 
{1909, 1920}, 
{-1, -1}, 
{1915, 1918}, 
{-1, -1}, 
{1917, 1919}, 
{-1, -1}, 
{1916, 1922}, 
{-1, -1}, 
{1921, -1}, 
{1914, 1929}, 
{-1, 1926}, 
{-1, -1}, 
{1925, -1}, 
{1924, 1928}, 
{-1, -1}, 
{1927, 1935}, 
{-1, -1}, 
{1930, -1}, 
{1931, 1934}, 
{-1, -1}, 
{1933, -1}, 
{1932, 1936}, 
{-1, 1937}, 
{-1, -1}, 
{1906, 1970}, 
{-1, 1941}, 
{-1, -1}, 
{1940, -1}, 
{1939, 1943}, 
{-1, -1}, 
{1942, 1945}, 
{-1, -1}, 
{1944, 1950}, 
{-1, 1948}, 
{-1, -1}, 
{1947, -1}, 
{1949, 1951}, 
{-1, -1}, 
{1946, 1959}, 
{-1, -1}, 
{1953, -1}, 
{1954, 1956}, 
{-1, 1958}, 
{-1, -1}, 
{1957, -1}, 
{1955, 1963}, 
{-1, 1962}, 
{-1, -1}, 
{1961, -1}, 
{1960, 1965}, 
{-1, -1}, 
{1964, 1967}, 
{-1, -1}, 
{1966, 1969}, 
{-1, -1}, 
{1968, -1}, 
{1952, 1983}, 
{-1, -1}, 
{1971, 1973}, 
{-1, -1}, 
{1972, 1975}, 
{-1, 1976}, 
{-1, -1}, 
{1974, 1981}, 
{-1, -1}, 
{1978, -1}, 
{1979, -1}, 
{1980, 1982}, 
{-1, -1}, 
{1977, 1991}, 
{-1, 1985}, 
{-1, -1}, 
{1984, 1988}, 
{-1, -1}, 
{1987, 1989}, 
{-1, 1990}, 
{-1, -1}, 
{1986, 1995}, 
{-1, -1}, 
{1992, 1994}, 
{-1, -1}, 
{1993, 1997}, 
{-1, -1}, 
{1996, 1999}, 
{-1, -1}, 
{1998, -1} };
