static long BSTdepth = -131244690; // pour info. Non demand√©
static int BSTroot = 494;
static int BSTtree[1000][2] = {
{-1, -1}, 
{0, -1}, 
{1, 4}, 
{-1, -1}, 
{3, -1}, 
{2, 6}, 
{-1, -1}, 
{5, 11}, 
{-1, -1}, 
{8, 10}, 
{-1, -1}, 
{9, 12}, 
{-1, 13}, 
{-1, -1}, 
{7, 20}, 
{-1, -1}, 
{15, 19}, 
{-1, -1}, 
{17, -1}, 
{18, -1}, 
{16, 23}, 
{-1, 22}, 
{-1, -1}, 
{21, 25}, 
{-1, -1}, 
{24, -1}, 
{14, 41}, 
{-1, 29}, 
{-1, -1}, 
{28, 30}, 
{-1, -1}, 
{27, 32}, 
{-1, 33}, 
{-1, -1}, 
{31, 37}, 
{-1, 36}, 
{-1, -1}, 
{35, 39}, 
{-1, -1}, 
{38, 40}, 
{-1, -1}, 
{34, 51}, 
{-1, -1}, 
{42, 44}, 
{-1, -1}, 
{43, 46}, 
{-1, -1}, 
{45, 50}, 
{-1, -1}, 
{48, -1}, 
{49, -1}, 
{47, 56}, 
{-1, -1}, 
{52, 54}, 
{-1, 55}, 
{-1, -1}, 
{53, 57}, 
{-1, 58}, 
{-1, -1}, 
{26, 96}, 
{-1, 61}, 
{-1, -1}, 
{60, -1}, 
{62, 66}, 
{-1, 65}, 
{-1, -1}, 
{64, 67}, 
{-1, 68}, 
{-1, 69}, 
{-1, -1}, 
{63, 72}, 
{-1, -1}, 
{71, 75}, 
{-1, 74}, 
{-1, -1}, 
{73, 77}, 
{-1, -1}, 
{76, -1}, 
{70, 87}, 
{-1, -1}, 
{79, 82}, 
{-1, -1}, 
{81, -1}, 
{80, 86}, 
{-1, 85}, 
{-1, -1}, 
{84, -1}, 
{83, 92}, 
{-1, -1}, 
{88, 91}, 
{-1, -1}, 
{90, -1}, 
{89, 95}, 
{-1, 94}, 
{-1, -1}, 
{93, -1}, 
{78, 116}, 
{-1, 99}, 
{-1, -1}, 
{98, -1}, 
{97, 101}, 
{-1, 102}, 
{-1, -1}, 
{100, 110}, 
{-1, -1}, 
{104, 106}, 
{-1, -1}, 
{105, 109}, 
{-1, -1}, 
{108, -1}, 
{107, 111}, 
{-1, 113}, 
{-1, -1}, 
{112, 115}, 
{-1, -1}, 
{114, -1}, 
{103, 124}, 
{-1, -1}, 
{117, 119}, 
{-1, -1}, 
{118, 121}, 
{-1, 122}, 
{-1, 123}, 
{-1, -1}, 
{120, 127}, 
{-1, -1}, 
{125, -1}, 
{126, 129}, 
{-1, -1}, 
{128, 130}, 
{-1, -1}, 
{59, 210}, 
{-1, -1}, 
{132, -1}, 
{133, 137}, 
{-1, -1}, 
{135, -1}, 
{136, 138}, 
{-1, -1}, 
{134, 144}, 
{-1, -1}, 
{140, 143}, 
{-1, -1}, 
{142, -1}, 
{141, 147}, 
{-1, -1}, 
{145, -1}, 
{146, 148}, 
{-1, -1}, 
{139, 158}, 
{-1, -1}, 
{150, 152}, 
{-1, 153}, 
{-1, -1}, 
{151, 155}, 
{-1, 156}, 
{-1, 157}, 
{-1, -1}, 
{154, 163}, 
{-1, 160}, 
{-1, -1}, 
{159, 162}, 
{-1, -1}, 
{161, 166}, 
{-1, -1}, 
{164, -1}, 
{165, 168}, 
{-1, -1}, 
{167, -1}, 
{149, 191}, 
{-1, 172}, 
{-1, -1}, 
{171, -1}, 
{170, 174}, 
{-1, -1}, 
{173, 180}, 
{-1, 177}, 
{-1, -1}, 
{176, 179}, 
{-1, -1}, 
{178, 181}, 
{-1, -1}, 
{175, 186}, 
{-1, 184}, 
{-1, 185}, 
{-1, -1}, 
{183, 188}, 
{-1, -1}, 
{187, 190}, 
{-1, -1}, 
{189, -1}, 
{182, 197}, 
{-1, -1}, 
{192, -1}, 
{193, 195}, 
{-1, 196}, 
{-1, -1}, 
{194, 207}, 
{-1, 199}, 
{-1, -1}, 
{198, 203}, 
{-1, -1}, 
{201, -1}, 
{202, 204}, 
{-1, 205}, 
{-1, 206}, 
{-1, -1}, 
{200, 209}, 
{-1, -1}, 
{208, -1}, 
{169, 232}, 
{-1, -1}, 
{211, 214}, 
{-1, -1}, 
{213, 215}, 
{-1, -1}, 
{212, 221}, 
{-1, -1}, 
{217, -1}, 
{218, 220}, 
{-1, -1}, 
{219, 222}, 
{-1, 223}, 
{-1, -1}, 
{216, 229}, 
{-1, -1}, 
{225, 227}, 
{-1, 228}, 
{-1, -1}, 
{226, 230}, 
{-1, 231}, 
{-1, -1}, 
{224, 249}, 
{-1, 234}, 
{-1, -1}, 
{233, 236}, 
{-1, 237}, 
{-1, -1}, 
{235, 240}, 
{-1, -1}, 
{239, 242}, 
{-1, -1}, 
{241, 243}, 
{-1, -1}, 
{238, 246}, 
{-1, -1}, 
{245, 247}, 
{-1, 248}, 
{-1, -1}, 
{244, 257}, 
{-1, -1}, 
{250, 252}, 
{-1, -1}, 
{251, 255}, 
{-1, -1}, 
{254, 256}, 
{-1, -1}, 
{253, 262}, 
{-1, 259}, 
{-1, -1}, 
{258, 261}, 
{-1, -1}, 
{260, 264}, 
{-1, -1}, 
{263, -1}, 
{131, 387}, 
{-1, -1}, 
{266, 269}, 
{-1, -1}, 
{268, -1}, 
{267, 273}, 
{-1, -1}, 
{271, -1}, 
{272, 275}, 
{-1, -1}, 
{274, 276}, 
{-1, -1}, 
{270, 284}, 
{-1, -1}, 
{278, -1}, 
{279, 282}, 
{-1, -1}, 
{281, 283}, 
{-1, -1}, 
{280, 288}, 
{-1, 287}, 
{-1, -1}, 
{286, -1}, 
{285, 290}, 
{-1, -1}, 
{289, -1}, 
{277, 304}, 
{-1, -1}, 
{292, 294}, 
{-1, 295}, 
{-1, -1}, 
{293, 302}, 
{-1, -1}, 
{297, -1}, 
{298, 300}, 
{-1, 301}, 
{-1, -1}, 
{299, 303}, 
{-1, -1}, 
{296, 314}, 
{-1, 306}, 
{-1, -1}, 
{305, 310}, 
{-1, 309}, 
{-1, -1}, 
{308, 313}, 
{-1, 312}, 
{-1, -1}, 
{311, -1}, 
{307, 318}, 
{-1, -1}, 
{315, 317}, 
{-1, -1}, 
{316, 323}, 
{-1, 320}, 
{-1, -1}, 
{319, 322}, 
{-1, -1}, 
{321, 324}, 
{-1, -1}, 
{291, 359}, 
{-1, -1}, 
{326, 329}, 
{-1, -1}, 
{328, 330}, 
{-1, -1}, 
{327, 334}, 
{-1, -1}, 
{332, -1}, 
{333, 337}, 
{-1, 336}, 
{-1, -1}, 
{335, 338}, 
{-1, -1}, 
{331, 346}, 
{-1, 341}, 
{-1, -1}, 
{340, 344}, 
{-1, -1}, 
{343, 345}, 
{-1, -1}, 
{342, 354}, 
{-1, -1}, 
{347, 349}, 
{-1, -1}, 
{348, 351}, 
{-1, -1}, 
{350, 353}, 
{-1, -1}, 
{352, 356}, 
{-1, -1}, 
{355, 357}, 
{-1, 358}, 
{-1, -1}, 
{339, 375}, 
{-1, 362}, 
{-1, -1}, 
{361, 363}, 
{-1, -1}, 
{360, 365}, 
{-1, 366}, 
{-1, -1}, 
{364, 372}, 
{-1, -1}, 
{368, 371}, 
{-1, -1}, 
{370, -1}, 
{369, 374}, 
{-1, -1}, 
{373, -1}, 
{367, 382}, 
{-1, -1}, 
{376, 378}, 
{-1, 379}, 
{-1, -1}, 
{377, 381}, 
{-1, -1}, 
{380, 385}, 
{-1, -1}, 
{383, -1}, 
{384, 386}, 
{-1, -1}, 
{325, 445}, 
{-1, -1}, 
{388, -1}, 
{389, 391}, 
{-1, -1}, 
{390, 396}, 
{-1, -1}, 
{393, 395}, 
{-1, -1}, 
{394, 398}, 
{-1, -1}, 
{397, -1}, 
{392, 407}, 
{-1, -1}, 
{400, 402}, 
{-1, -1}, 
{401, 405}, 
{-1, -1}, 
{404, 406}, 
{-1, -1}, 
{403, 410}, 
{-1, 409}, 
{-1, -1}, 
{408, 412}, 
{-1, -1}, 
{411, 413}, 
{-1, -1}, 
{399, 431}, 
{-1, 416}, 
{-1, -1}, 
{415, 419}, 
{-1, -1}, 
{418, 420}, 
{-1, -1}, 
{417, 426}, 
{-1, 423}, 
{-1, 424}, 
{-1, -1}, 
{422, -1}, 
{425, 429}, 
{-1, -1}, 
{427, -1}, 
{428, 430}, 
{-1, -1}, 
{421, 436}, 
{-1, -1}, 
{432, -1}, 
{433, 435}, 
{-1, -1}, 
{434, 440}, 
{-1, -1}, 
{437, 439}, 
{-1, -1}, 
{438, 441}, 
{-1, 442}, 
{-1, 444}, 
{-1, -1}, 
{443, -1}, 
{414, 471}, 
{-1, 448}, 
{-1, -1}, 
{447, -1}, 
{446, 450}, 
{-1, 451}, 
{-1, -1}, 
{449, 454}, 
{-1, -1}, 
{453, 456}, 
{-1, -1}, 
{455, -1}, 
{452, 463}, 
{-1, -1}, 
{458, -1}, 
{459, 461}, 
{-1, 462}, 
{-1, -1}, 
{460, 465}, 
{-1, -1}, 
{464, 468}, 
{-1, -1}, 
{466, -1}, 
{467, 469}, 
{-1, 470}, 
{-1, -1}, 
{457, 482}, 
{-1, -1}, 
{472, 475}, 
{-1, -1}, 
{474, -1}, 
{473, 480}, 
{-1, 478}, 
{-1, 479}, 
{-1, -1}, 
{477, 481}, 
{-1, -1}, 
{476, 489}, 
{-1, -1}, 
{483, 487}, 
{-1, 486}, 
{-1, -1}, 
{485, 488}, 
{-1, -1}, 
{484, 493}, 
{-1, 491}, 
{-1, 492}, 
{-1, -1}, 
{490, -1}, 
{265, 750}, 
{-1, -1}, 
{495, 497}, 
{-1, -1}, 
{496, 500}, 
{-1, -1}, 
{499, 502}, 
{-1, -1}, 
{501, -1}, 
{498, 507}, 
{-1, -1}, 
{504, 506}, 
{-1, -1}, 
{505, 509}, 
{-1, -1}, 
{508, 510}, 
{-1, 511}, 
{-1, 512}, 
{-1, -1}, 
{503, 517}, 
{-1, -1}, 
{514, 516}, 
{-1, -1}, 
{515, 521}, 
{-1, -1}, 
{518, -1}, 
{519, -1}, 
{520, 523}, 
{-1, -1}, 
{522, 524}, 
{-1, -1}, 
{513, 543}, 
{-1, -1}, 
{526, 528}, 
{-1, -1}, 
{527, 532}, 
{-1, -1}, 
{530, -1}, 
{531, 533}, 
{-1, 534}, 
{-1, -1}, 
{529, 540}, 
{-1, -1}, 
{536, 539}, 
{-1, -1}, 
{538, -1}, 
{537, 542}, 
{-1, -1}, 
{541, -1}, 
{535, 554}, 
{-1, 545}, 
{-1, 546}, 
{-1, -1}, 
{544, 551}, 
{-1, -1}, 
{548, 550}, 
{-1, -1}, 
{549, 552}, 
{-1, 553}, 
{-1, -1}, 
{547, 558}, 
{-1, 557}, 
{-1, -1}, 
{556, -1}, 
{555, 559}, 
{-1, 560}, 
{-1, 561}, 
{-1, -1}, 
{525, 591}, 
{-1, -1}, 
{563, 567}, 
{-1, -1}, 
{565, -1}, 
{566, 568}, 
{-1, -1}, 
{564, 571}, 
{-1, -1}, 
{570, 573}, 
{-1, -1}, 
{572, 575}, 
{-1, -1}, 
{574, -1}, 
{569, 585}, 
{-1, -1}, 
{577, 580}, 
{-1, -1}, 
{579, 581}, 
{-1, -1}, 
{578, 584}, 
{-1, -1}, 
{583, -1}, 
{582, 587}, 
{-1, -1}, 
{586, 590}, 
{-1, -1}, 
{588, -1}, 
{589, -1}, 
{576, 607}, 
{-1, -1}, 
{592, -1}, 
{593, 596}, 
{-1, -1}, 
{595, 598}, 
{-1, -1}, 
{597, 600}, 
{-1, -1}, 
{599, 601}, 
{-1, -1}, 
{594, 605}, 
{-1, 604}, 
{-1, -1}, 
{603, 606}, 
{-1, -1}, 
{602, 613}, 
{-1, -1}, 
{608, 611}, 
{-1, -1}, 
{610, 612}, 
{-1, -1}, 
{609, 617}, 
{-1, -1}, 
{614, 616}, 
{-1, -1}, 
{615, -1}, 
{562, 683}, 
{-1, 621}, 
{-1, -1}, 
{620, -1}, 
{619, 624}, 
{-1, -1}, 
{623, -1}, 
{622, 630}, 
{-1, 627}, 
{-1, -1}, 
{626, 629}, 
{-1, -1}, 
{628, 631}, 
{-1, -1}, 
{625, 640}, 
{-1, -1}, 
{633, 635}, 
{-1, -1}, 
{634, 637}, 
{-1, -1}, 
{636, 639}, 
{-1, -1}, 
{638, 644}, 
{-1, -1}, 
{641, -1}, 
{642, -1}, 
{643, 646}, 
{-1, -1}, 
{645, 647}, 
{-1, -1}, 
{632, 666}, 
{-1, 650}, 
{-1, 651}, 
{-1, -1}, 
{649, 654}, 
{-1, -1}, 
{653, 656}, 
{-1, -1}, 
{655, -1}, 
{652, 661}, 
{-1, 660}, 
{-1, -1}, 
{659, -1}, 
{658, 665}, 
{-1, -1}, 
{662, 664}, 
{-1, -1}, 
{663, -1}, 
{657, 675}, 
{-1, -1}, 
{667, -1}, 
{668, 670}, 
{-1, -1}, 
{669, 673}, 
{-1, -1}, 
{672, 674}, 
{-1, -1}, 
{671, 680}, 
{-1, -1}, 
{676, -1}, 
{677, 679}, 
{-1, -1}, 
{678, 682}, 
{-1, -1}, 
{681, -1}, 
{648, 715}, 
{-1, -1}, 
{684, 687}, 
{-1, -1}, 
{686, 688}, 
{-1, -1}, 
{685, 692}, 
{-1, 691}, 
{-1, -1}, 
{690, 695}, 
{-1, 694}, 
{-1, -1}, 
{693, -1}, 
{689, 703}, 
{-1, -1}, 
{697, -1}, 
{698, 701}, 
{-1, -1}, 
{700, 702}, 
{-1, -1}, 
{699, 707}, 
{-1, -1}, 
{704, 706}, 
{-1, -1}, 
{705, 710}, 
{-1, -1}, 
{708, -1}, 
{709, 712}, 
{-1, -1}, 
{711, 713}, 
{-1, 714}, 
{-1, -1}, 
{696, 733}, 
{-1, -1}, 
{716, 719}, 
{-1, -1}, 
{718, 720}, 
{-1, -1}, 
{717, 723}, 
{-1, -1}, 
{722, 724}, 
{-1, -1}, 
{721, 730}, 
{-1, -1}, 
{726, 728}, 
{-1, 729}, 
{-1, -1}, 
{727, 731}, 
{-1, 732}, 
{-1, -1}, 
{725, 741}, 
{-1, -1}, 
{734, -1}, 
{735, 738}, 
{-1, -1}, 
{737, 740}, 
{-1, -1}, 
{739, -1}, 
{736, 746}, 
{-1, -1}, 
{742, 745}, 
{-1, -1}, 
{744, -1}, 
{743, 747}, 
{-1, 749}, 
{-1, -1}, 
{748, -1}, 
{618, 867}, 
{-1, -1}, 
{751, 754}, 
{-1, -1}, 
{753, 756}, 
{-1, -1}, 
{755, -1}, 
{752, 759}, 
{-1, -1}, 
{758, 761}, 
{-1, -1}, 
{760, 764}, 
{-1, -1}, 
{762, -1}, 
{763, -1}, 
{757, 772}, 
{-1, 768}, 
{-1, -1}, 
{767, -1}, 
{766, 770}, 
{-1, 771}, 
{-1, -1}, 
{769, 775}, 
{-1, 774}, 
{-1, -1}, 
{773, 777}, 
{-1, -1}, 
{776, 778}, 
{-1, -1}, 
{765, 798}, 
{-1, -1}, 
{780, 782}, 
{-1, -1}, 
{781, 786}, 
{-1, 785}, 
{-1, -1}, 
{784, 788}, 
{-1, -1}, 
{787, -1}, 
{783, 793}, 
{-1, -1}, 
{790, 792}, 
{-1, -1}, 
{791, 796}, 
{-1, 795}, 
{-1, -1}, 
{794, 797}, 
{-1, -1}, 
{789, 807}, 
{-1, 800}, 
{-1, -1}, 
{799, 803}, 
{-1, -1}, 
{802, -1}, 
{801, 806}, 
{-1, -1}, 
{805, -1}, 
{804, 811}, 
{-1, -1}, 
{808, 810}, 
{-1, -1}, 
{809, 813}, 
{-1, -1}, 
{812, 816}, 
{-1, 815}, 
{-1, -1}, 
{814, -1}, 
{779, 839}, 
{-1, 819}, 
{-1, 820}, 
{-1, 821}, 
{-1, -1}, 
{818, 823}, 
{-1, -1}, 
{822, 826}, 
{-1, -1}, 
{825, 827}, 
{-1, -1}, 
{824, 834}, 
{-1, -1}, 
{829, -1}, 
{830, 833}, 
{-1, -1}, 
{832, -1}, 
{831, 836}, 
{-1, -1}, 
{835, 837}, 
{-1, 838}, 
{-1, -1}, 
{828, 855}, 
{-1, -1}, 
{840, 843}, 
{-1, -1}, 
{842, 844}, 
{-1, 845}, 
{-1, -1}, 
{841, 850}, 
{-1, -1}, 
{847, 849}, 
{-1, -1}, 
{848, 852}, 
{-1, -1}, 
{851, 854}, 
{-1, -1}, 
{853, -1}, 
{846, 860}, 
{-1, -1}, 
{856, 858}, 
{-1, 859}, 
{-1, -1}, 
{857, 865}, 
{-1, 862}, 
{-1, 863}, 
{-1, -1}, 
{861, -1}, 
{864, 866}, 
{-1, -1}, 
{817, 930}, 
{-1, -1}, 
{868, 870}, 
{-1, 871}, 
{-1, -1}, 
{869, 873}, 
{-1, 874}, 
{-1, 875}, 
{-1, -1}, 
{872, 890}, 
{-1, -1}, 
{877, 880}, 
{-1, -1}, 
{879, 881}, 
{-1, -1}, 
{878, 888}, 
{-1, -1}, 
{883, -1}, 
{884, 887}, 
{-1, -1}, 
{886, -1}, 
{885, 889}, 
{-1, -1}, 
{882, 896}, 
{-1, 892}, 
{-1, -1}, 
{891, 894}, 
{-1, 895}, 
{-1, -1}, 
{893, 899}, 
{-1, 898}, 
{-1, -1}, 
{897, 901}, 
{-1, -1}, 
{900, -1}, 
{876, 918}, 
{-1, -1}, 
{903, 906}, 
{-1, -1}, 
{905, -1}, 
{904, 912}, 
{-1, 910}, 
{-1, -1}, 
{909, -1}, 
{908, -1}, 
{911, 915}, 
{-1, -1}, 
{913, -1}, 
{914, 917}, 
{-1, -1}, 
{916, -1}, 
{907, 922}, 
{-1, -1}, 
{919, 921}, 
{-1, -1}, 
{920, 927}, 
{-1, -1}, 
{923, -1}, 
{924, 926}, 
{-1, -1}, 
{925, 928}, 
{-1, 929}, 
{-1, -1}, 
{902, 965}, 
{-1, -1}, 
{931, -1}, 
{932, 934}, 
{-1, 935}, 
{-1, -1}, 
{933, 941}, 
{-1, -1}, 
{937, 940}, 
{-1, -1}, 
{939, -1}, 
{938, 944}, 
{-1, 943}, 
{-1, -1}, 
{942, -1}, 
{936, 956}, 
{-1, -1}, 
{946, -1}, 
{947, 951}, 
{-1, 950}, 
{-1, -1}, 
{949, 952}, 
{-1, -1}, 
{948, 955}, 
{-1, -1}, 
{954, -1}, 
{953, 961}, 
{-1, 958}, 
{-1, -1}, 
{957, 960}, 
{-1, -1}, 
{959, 963}, 
{-1, -1}, 
{962, 964}, 
{-1, -1}, 
{945, 982}, 
{-1, -1}, 
{966, 968}, 
{-1, -1}, 
{967, 970}, 
{-1, 971}, 
{-1, -1}, 
{969, 973}, 
{-1, 974}, 
{-1, -1}, 
{972, 979}, 
{-1, -1}, 
{976, 978}, 
{-1, -1}, 
{977, 981}, 
{-1, -1}, 
{980, -1}, 
{975, 990}, 
{-1, -1}, 
{983, 985}, 
{-1, -1}, 
{984, 987}, 
{-1, 989}, 
{-1, -1}, 
{988, -1}, 
{986, 995}, 
{-1, 992}, 
{-1, -1}, 
{991, 994}, 
{-1, -1}, 
{993, 997}, 
{-1, -1}, 
{996, 999}, 
{-1, -1}, 
{998, -1} };
static int opt =-131244690;
static int p[1000] = {
166800, 
467353, 
555395, 
259420, 
464859, 
999165, 
703948, 
741487, 
256774, 
463360, 
616536, 
676685, 
703299, 
641073, 
931260, 
953941, 
901570, 
65672, 
322707, 
804910, 
832508, 
431976, 
146055, 
527492, 
452750, 
819775, 
918103, 
731447, 
15274, 
651085, 
1950, 
698425, 
634789, 
557344, 
957845, 
99647, 
72860, 
661792, 
357485, 
329634, 
125151, 
974020, 
6318, 
344801, 
131444, 
453929, 
298742, 
549366, 
35953, 
137800, 
354275, 
868460, 
569776, 
500329, 
395952, 
22525, 
836455, 
830406, 
270324, 
851729, 
481490, 
272273, 
550153, 
632631, 
345969, 
24349, 
732277, 
418828, 
202492, 
89762, 
748461, 
843995, 
580133, 
271130, 
188795, 
227929, 
241411, 
487536, 
777294, 
277363, 
625336, 
131568, 
145822, 
711463, 
148248, 
58125, 
733987, 
984702, 
404883, 
520662, 
352782, 
402724, 
792935, 
419287, 
35354, 
655255, 
959987, 
283983, 
74082, 
162479, 
890096, 
338895, 
6473, 
986580, 
126376, 
195267, 
214508, 
367786, 
199155, 
508153, 
645148, 
824490, 
156072, 
307322, 
52304, 
304319, 
881798, 
302642, 
805373, 
286680, 
823304, 
674506, 
205756, 
132590, 
610144, 
241109, 
787844, 
570131, 
525091, 
861925, 
248961, 
931538, 
200819, 
771785, 
918118, 
327195, 
483403, 
648977, 
211332, 
682557, 
157130, 
856480, 
23398, 
313201, 
680153, 
75701, 
133872, 
561950, 
378343, 
939244, 
364982, 
717998, 
130101, 
87089, 
850587, 
740245, 
328197, 
154782, 
826727, 
369640, 
16706, 
592039, 
301177, 
733877, 
363823, 
735646, 
577423, 
363577, 
384623, 
788754, 
562486, 
58104, 
161585, 
585883, 
371304, 
358089, 
177936, 
21527, 
436391, 
72630, 
477122, 
317724, 
790627, 
607223, 
404812, 
157565, 
863819, 
733008, 
312346, 
206897, 
618999, 
845403, 
315287, 
436528, 
579279, 
679109, 
172173, 
673053, 
559037, 
73147, 
461807, 
121522, 
131250, 
139743, 
223757, 
18906, 
14184, 
918044, 
40432, 
450574, 
990673, 
517554, 
768297, 
297651, 
641128, 
173108, 
971567, 
21298, 
422467, 
800264, 
228194, 
557818, 
645666, 
543480, 
994345, 
741297, 
738940, 
682869, 
414349, 
814328, 
756016, 
392507, 
935850, 
403617, 
48602, 
675958, 
422522, 
62785, 
594001, 
462954, 
513358, 
101025, 
496859, 
281654, 
915027, 
654338, 
971113, 
886593, 
675635, 
909931, 
686856, 
420180, 
467748, 
848873, 
480011, 
462092, 
590169, 
735302, 
661313, 
4518, 
549629, 
417328, 
913376, 
1830, 
820944, 
961977, 
677787, 
759818, 
24761, 
788139, 
739123, 
538118, 
889163, 
752333, 
336123, 
320541, 
406670, 
823587, 
207133, 
598656, 
733518, 
410340, 
535187, 
201265, 
775565, 
531549, 
179709, 
365733, 
783202, 
357373, 
886602, 
849182, 
774700, 
799978, 
851012, 
111995, 
761954, 
45150, 
388164, 
303067, 
349641, 
127286, 
841184, 
238803, 
879618, 
693659, 
559344, 
802639, 
517245, 
282828, 
401294, 
250762, 
209520, 
452832, 
968379, 
501436, 
984380, 
664439, 
867168, 
283933, 
21811, 
270122, 
133115, 
312862, 
586451, 
984126, 
424856, 
864756, 
545627, 
813020, 
167822, 
895267, 
456657, 
525358, 
650422, 
336275, 
219016, 
726117, 
138913, 
736260, 
525296, 
56559, 
503374, 
251167, 
509390, 
471752, 
752602, 
10122, 
136190, 
136122, 
294054, 
158000, 
406243, 
427168, 
470861, 
509045, 
927645, 
412068, 
373800, 
989624, 
741439, 
57974, 
401242, 
198096, 
583331, 
568015, 
50722, 
802346, 
294131, 
189634, 
54957, 
335779, 
762544, 
74682, 
586945, 
788286, 
546433, 
339547, 
314759, 
198974, 
475668, 
608812, 
873325, 
398262, 
552332, 
860537, 
907306, 
996328, 
272605, 
281105, 
502303, 
530395, 
855430, 
419897, 
244842, 
438760, 
987911, 
295563, 
757457, 
798394, 
1549, 
812414, 
134172, 
764092, 
403447, 
721116, 
68729, 
949880, 
577014, 
383487, 
665205, 
569033, 
508651, 
538530, 
967294, 
577334, 
399066, 
390951, 
90013, 
188022, 
188408, 
592316, 
234769, 
43837, 
12212, 
479610, 
482597, 
122, 
291525, 
756405, 
314867, 
809425, 
85170, 
449038, 
573516, 
488617, 
686506, 
158597, 
438496, 
263519, 
542083, 
620052, 
348904, 
50733, 
158581, 
832549, 
628066, 
73999, 
223500, 
718079, 
778372, 
411907, 
826746, 
529492, 
972095, 
355309, 
525454, 
971043, 
355430, 
816978, 
727448, 
670297, 
626402, 
812617, 
635686, 
716269, 
301233, 
322191, 
391217, 
256080, 
102062, 
933300, 
876132, 
967317, 
500384, 
551064, 
799865, 
644802, 
141414, 
23364, 
879232, 
919786, 
951622, 
705977, 
965629, 
440069, 
61285, 
491082, 
411111, 
933066, 
824411, 
138558, 
119714, 
967164, 
951175, 
271752, 
199785, 
252407, 
593942, 
591001, 
508487, 
212355, 
524300, 
900970, 
179671, 
541036, 
452033, 
979536, 
185837, 
593447, 
519251, 
65068, 
29584, 
987225, 
287396, 
995212, 
427293, 
865032, 
2646, 
354755, 
798097, 
827056, 
493313, 
434163, 
310572, 
960839, 
705914, 
510356, 
213245, 
816207, 
101356, 
238083, 
544914, 
142008, 
139052, 
724584, 
683043, 
591085, 
220471, 
385231, 
700883, 
256074, 
450298, 
730466, 
759650, 
254045, 
242029, 
703294, 
119076, 
244674, 
58048, 
433524, 
588082, 
67712, 
867686, 
898653, 
28550, 
89951, 
925360, 
758147, 
422510, 
26715, 
996229, 
967423, 
685074, 
135281, 
208358, 
368116, 
242717, 
945181, 
753346, 
943599, 
717606, 
719995, 
190416, 
477255, 
974039, 
432444, 
696900, 
93114, 
193470, 
271299, 
526638, 
297903, 
339011, 
910675, 
712907, 
883912, 
626, 
638266, 
642058, 
939487, 
181332, 
638287, 
906909, 
382758, 
289919, 
115266, 
267225, 
48987, 
60446, 
20571, 
508937, 
778051, 
256917, 
699352, 
771657, 
747308, 
648147, 
468556, 
356773, 
357968, 
256207, 
883410, 
172222, 
595217, 
310437, 
885128, 
995480, 
827414, 
39745, 
637538, 
766900, 
221077, 
792176, 
673808, 
120186, 
82094, 
305425, 
387410, 
647432, 
882223, 
924332, 
156368, 
176625, 
181249, 
372071, 
464634, 
928556, 
536569, 
933189, 
285328, 
410889, 
705747, 
685090, 
583110, 
817315, 
511878, 
984590, 
812795, 
339291, 
24334, 
450332, 
622542, 
761762, 
242507, 
296349, 
881947, 
840952, 
118125, 
269357, 
488383, 
347, 
193688, 
161102, 
693324, 
891288, 
49524, 
157957, 
819843, 
586092, 
607497, 
621523, 
513332, 
313244, 
822964, 
96442, 
130558, 
334841, 
81031, 
943352, 
190483, 
621716, 
910035, 
813024, 
383478, 
152541, 
625724, 
265424, 
993492, 
743848, 
51132, 
998226, 
260547, 
244820, 
675679, 
953870, 
136107, 
725202, 
628178, 
472302, 
827646, 
235674, 
610176, 
340977, 
548917, 
433139, 
953770, 
195827, 
284331, 
551152, 
139178, 
474813, 
172868, 
49213, 
804188, 
556345, 
718105, 
429911, 
338120, 
227949, 
690110, 
389252, 
742526, 
467008, 
634071, 
418205, 
420877, 
286529, 
143406, 
565406, 
758830, 
487403, 
801080, 
369005, 
828380, 
866348, 
318495, 
782149, 
62174, 
602825, 
849653, 
717704, 
593989, 
22520, 
283268, 
914528, 
578864, 
1372, 
344438, 
916983, 
745672, 
550900, 
306234, 
488198, 
17907, 
456656, 
906402, 
955136, 
743185, 
566159, 
520541, 
18366, 
53562, 
321620, 
903723, 
398293, 
187968, 
222217, 
696793, 
766493, 
341394, 
546445, 
484196, 
451734, 
568964, 
283815, 
366262, 
147827, 
801539, 
227051, 
581162, 
547210, 
777950, 
403747, 
35407, 
795857, 
376755, 
458160, 
750992, 
119939, 
540671, 
271532, 
654656, 
110584, 
109504, 
558378, 
508876, 
813823, 
296947, 
205668, 
580315, 
154692, 
268465, 
580863, 
606425, 
837428, 
864677, 
489038, 
501607, 
666215, 
716089, 
599120, 
729777, 
10390, 
2866, 
281535, 
806246, 
379620, 
256047, 
73589, 
15910, 
796717, 
861473, 
670566, 
907300, 
970976, 
745295, 
932527, 
301150, 
558593, 
654546, 
397816, 
713284, 
923010, 
978678, 
836061, 
760438, 
359707, 
841450, 
778396, 
542273, 
73890, 
377515, 
272049, 
84280, 
896732, 
553584, 
406877, 
276352, 
809630, 
480466, 
808613, 
122698, 
341938, 
995530, 
546349, 
829265, 
740825, 
478875, 
646766, 
299417, 
133420, 
44581, 
529053, 
572782, 
539611, 
881465, 
849571, 
899317, 
722914, 
627966, 
957941, 
796804, 
521832, 
229990, 
881083, 
418563, 
299925, 
287959, 
211266, 
109554, 
284776, 
19879, 
232251, 
143065, 
15408, 
294951, 
488681, 
272584, 
773825, 
135446, 
88353, 
423596, 
180027, 
133757, 
996377, 
235989, 
15221, 
845947, 
135305, 
738134, 
990264, 
609597, 
534937, 
512095, 
839586, 
932371, 
447010, 
139510, 
220330, 
658275, 
765415, 
21457, 
678153, 
514017, 
164522, 
209913, 
808967, 
653202, 
998848, 
582791, 
788648, 
87200, 
522739, 
485026, 
220956, 
519115, 
721014, 
236176, 
881414, 
372670, 
490662, 
871677, 
982266, 
25598, 
900124, 
338204, 
474321, 
347133, 
477713, 
694650, 
521759, 
243128, 
716106, 
716264, 
273496, 
396979, 
442528, 
82463, 
50181, 
441375, 
181605, 
838828, 
528575, 
704343, 
840205, 
265882, 
223458, 
561218, 
18410, 
621223, 
450239, 
509071, 
9251, 
948856, 
51020, 
425726, 
287059, 
525340, 
289210, 
281124, 
736341, 
810969, 
40603, 
968799, 
527232, 
314098, 
365777, 
969759, 
396560, 
415957, 
927485, 
94517, 
771136, 
456059, 
798859, 
611340, 
238293, 
538668, 
688909, 
256702, 
159890, 
655499, 
282124, 
685493, 
604355, 
333143, 
111218, 
407765};
