static long BSTdepth = 131; // pour info. Non demand√©
static int BSTroot = 2;
static int BSTtree[10][2] = {
{-1, 1}, 
{-1, -1}, 
{0, 6}, 
{-1, 4}, 
{-1, -1}, 
{3, -1}, 
{5, 9}, 
{-1, 8}, 
{-1, -1}, 
{7, -1} };
static int opt =131;
static int p[10] = {
8, 
3, 
9, 
5, 
1, 
6, 
7, 
2, 
1, 
9};
